Archive member included because of file (symbol)

/Applications/KDS_v3.app/Contents/toolchain/bin/../lib/gcc/arm-none-eabi/4.8.4/armv7e-m/fpu/libgcc.a(_arm_muldivdf3.o)
                              ./APP/Controller.o (__aeabi_dmul)
/Applications/KDS_v3.app/Contents/toolchain/bin/../lib/gcc/arm-none-eabi/4.8.4/armv7e-m/fpu/libgcc.a(_arm_cmpdf2.o)
                              ./APP/Controller.o (__aeabi_dcmplt)
/Applications/KDS_v3.app/Contents/toolchain/bin/../lib/gcc/arm-none-eabi/4.8.4/armv7e-m/fpu/libgcc.a(_aeabi_uldivmod.o)
                              ./BSP/cpu_bsp.o (__aeabi_uldivmod)
/Applications/KDS_v3.app/Contents/toolchain/bin/../lib/gcc/arm-none-eabi/4.8.4/armv7e-m/fpu/libgcc.a(bpabi.o)
                              /Applications/KDS_v3.app/Contents/toolchain/bin/../lib/gcc/arm-none-eabi/4.8.4/armv7e-m/fpu/libgcc.a(_aeabi_uldivmod.o) (__gnu_uldivmod_helper)
/Applications/KDS_v3.app/Contents/toolchain/bin/../lib/gcc/arm-none-eabi/4.8.4/armv7e-m/fpu/libgcc.a(_dvmd_tls.o)
                              /Applications/KDS_v3.app/Contents/toolchain/bin/../lib/gcc/arm-none-eabi/4.8.4/armv7e-m/fpu/libgcc.a(_aeabi_uldivmod.o) (__aeabi_ldiv0)
/Applications/KDS_v3.app/Contents/toolchain/bin/../lib/gcc/arm-none-eabi/4.8.4/armv7e-m/fpu/libgcc.a(_divdi3.o)
                              /Applications/KDS_v3.app/Contents/toolchain/bin/../lib/gcc/arm-none-eabi/4.8.4/armv7e-m/fpu/libgcc.a(bpabi.o) (__divdi3)
/Applications/KDS_v3.app/Contents/toolchain/bin/../lib/gcc/arm-none-eabi/4.8.4/armv7e-m/fpu/libgcc.a(_udivdi3.o)
                              /Applications/KDS_v3.app/Contents/toolchain/bin/../lib/gcc/arm-none-eabi/4.8.4/armv7e-m/fpu/libgcc.a(bpabi.o) (__udivdi3)
/Applications/KDS_v3.app/Contents/toolchain/bin/../lib/gcc/arm-none-eabi/4.8.4/../../../../arm-none-eabi/lib/armv7e-m/fpu/libg_s.a(lib_a-assert.o)
                              ./KSDK/platform/system/interrupt/src/fsl_interrupt_manager.o (__assert_func)
/Applications/KDS_v3.app/Contents/toolchain/bin/../lib/gcc/arm-none-eabi/4.8.4/../../../../arm-none-eabi/lib/armv7e-m/fpu/libg_s.a(lib_a-calloc.o)
                              ./KSDK/platform/osa/src/fsl_os_abstraction_ucosiii.o (calloc)
/Applications/KDS_v3.app/Contents/toolchain/bin/../lib/gcc/arm-none-eabi/4.8.4/../../../../arm-none-eabi/lib/armv7e-m/fpu/libg_s.a(lib_a-exit.o)
                              /Applications/KDS_v3.app/Contents/toolchain/bin/../lib/gcc/arm-none-eabi/4.8.4/../../../../arm-none-eabi/lib/armv7e-m/fpu/crt0.o (exit)
/Applications/KDS_v3.app/Contents/toolchain/bin/../lib/gcc/arm-none-eabi/4.8.4/../../../../arm-none-eabi/lib/armv7e-m/fpu/libg_s.a(lib_a-fprintf.o)
                              /Applications/KDS_v3.app/Contents/toolchain/bin/../lib/gcc/arm-none-eabi/4.8.4/../../../../arm-none-eabi/lib/armv7e-m/fpu/libg_s.a(lib_a-assert.o) (fiprintf)
/Applications/KDS_v3.app/Contents/toolchain/bin/../lib/gcc/arm-none-eabi/4.8.4/../../../../arm-none-eabi/lib/armv7e-m/fpu/libg_s.a(lib_a-impure.o)
                              /Applications/KDS_v3.app/Contents/toolchain/bin/../lib/gcc/arm-none-eabi/4.8.4/../../../../arm-none-eabi/lib/armv7e-m/fpu/libg_s.a(lib_a-exit.o) (_global_impure_ptr)
/Applications/KDS_v3.app/Contents/toolchain/bin/../lib/gcc/arm-none-eabi/4.8.4/../../../../arm-none-eabi/lib/armv7e-m/fpu/libg_s.a(lib_a-init.o)
                              /Applications/KDS_v3.app/Contents/toolchain/bin/../lib/gcc/arm-none-eabi/4.8.4/../../../../arm-none-eabi/lib/armv7e-m/fpu/crt0.o (__libc_init_array)
/Applications/KDS_v3.app/Contents/toolchain/bin/../lib/gcc/arm-none-eabi/4.8.4/../../../../arm-none-eabi/lib/armv7e-m/fpu/libg_s.a(lib_a-malloc.o)
                              ./KSDK/platform/osa/src/fsl_os_abstraction_ucosiii.o (malloc)
/Applications/KDS_v3.app/Contents/toolchain/bin/../lib/gcc/arm-none-eabi/4.8.4/../../../../arm-none-eabi/lib/armv7e-m/fpu/libg_s.a(lib_a-memset.o)
                              /Applications/KDS_v3.app/Contents/toolchain/bin/../lib/gcc/arm-none-eabi/4.8.4/../../../../arm-none-eabi/lib/armv7e-m/fpu/crt0.o (memset)
/Applications/KDS_v3.app/Contents/toolchain/bin/../lib/gcc/arm-none-eabi/4.8.4/../../../../arm-none-eabi/lib/armv7e-m/fpu/libg_s.a(lib_a-nano-callocr.o)
                              /Applications/KDS_v3.app/Contents/toolchain/bin/../lib/gcc/arm-none-eabi/4.8.4/../../../../arm-none-eabi/lib/armv7e-m/fpu/libg_s.a(lib_a-calloc.o) (_calloc_r)
/Applications/KDS_v3.app/Contents/toolchain/bin/../lib/gcc/arm-none-eabi/4.8.4/../../../../arm-none-eabi/lib/armv7e-m/fpu/libg_s.a(lib_a-nano-freer.o)
                              /Applications/KDS_v3.app/Contents/toolchain/bin/../lib/gcc/arm-none-eabi/4.8.4/../../../../arm-none-eabi/lib/armv7e-m/fpu/libg_s.a(lib_a-malloc.o) (_free_r)
/Applications/KDS_v3.app/Contents/toolchain/bin/../lib/gcc/arm-none-eabi/4.8.4/../../../../arm-none-eabi/lib/armv7e-m/fpu/libg_s.a(lib_a-nano-mallocr.o)
[...]
Memory Configuration

Name             Origin             Length             Attributes
m_interrupts     0x0000000000000000 0x0000000000000400 xr
m_text           0x0000000000000410 0x00000000000ffbf0 xr
m_interrupts_ram 0x000000001fff0000 0x0000000000000400 rw
m_data_1FFF0400  0x000000001fff0400 0x000000000000fc00 rw
m_data           0x0000000020000000 0x0000000000030000 rw
m_flash_config   0x0000000000000400 0x0000000000000010 xr
*default*        0x0000000000000000 0xffffffffffffffff

Linker script and memory map

LOAD /Applications/KDS_v3.app/Contents/toolchain/bin/../lib/gcc/arm-none-eabi/4.8.4/armv7e-m/fpu/crti.o
LOAD /Applications/KDS_v3.app/Contents/toolchain/bin/../lib/gcc/arm-none-eabi/4.8.4/armv7e-m/fpu/crtbegin.o
LOAD /Applications/KDS_v3.app/Contents/toolchain/bin/../lib/gcc/arm-none-eabi/4.8.4/../../../../arm-none-eabi/lib/armv7e-m/fpu/crt0.o
LOAD ./uCOS-III/Source/os_cfg_app.o
LOAD ./uCOS-III/Source/os_core.o
LOAD ./uCOS-III/Source/os_dbg.o
LOAD ./uCOS-III/Source/os_flag.o
LOAD ./uCOS-III/Source/os_int.o
LOAD ./uCOS-III/Source/os_mem.o
LOAD ./uCOS-III/Source/os_msg.o
LOAD ./uCOS-III/Source/os_mutex.o
LOAD ./uCOS-III/Source/os_pend_multi.o
LOAD ./uCOS-III/Source/os_prio.o
LOAD ./uCOS-III/Source/os_q.o
LOAD ./uCOS-III/Source/os_sem.o
LOAD ./uCOS-III/Source/os_stat.o
LOAD ./uCOS-III/Source/os_task.o
LOAD ./uCOS-III/Source/os_tick.o
LOAD ./uCOS-III/Source/os_time.o
LOAD ./uCOS-III/Source/os_tmr.o
LOAD ./uCOS-III/Source/os_var.o
LOAD ./uCOS-III/Ports/ARM-Cortex-M4/Generic/GNU/os_cpu_a.o
LOAD ./uCOS-III/Ports/ARM-Cortex-M4/Generic/GNU/os_cpu_c.o
LOAD ./uC-LIB/lib_ascii.o
LOAD ./uC-LIB/lib_math.o
LOAD ./uC-LIB/lib_mem.o
LOAD ./uC-LIB/lib_str.o
LOAD ./uC-CPU/ARM-Cortex-M4/GNU/cpu_a.o
LOAD ./uC-CPU/ARM-Cortex-M4/GNU/cpu_c.o
LOAD ./uC-CPU/cpu_core.o
LOAD ./KSDK/platform/system/interrupt/src/fsl_interrupt_manager.o
LOAD ./KSDK/platform/system/clock/MK64F12/fsl_clock_K64F12.o
LOAD ./KSDK/platform/system/clock/fsl_clock_manager.o
LOAD ./KSDK/platform/startup/MK64F12/system_MK64F12.o
LOAD ./KSDK/platform/osa/src/fsl_os_abstraction_ucosiii.o
LOAD ./KSDK/platform/hal/uart/fsl_uart_hal.o
LOAD ./KSDK/platform/hal/sim/MK64F12/fsl_sim_hal_K64F12.o
LOAD ./KSDK/platform/hal/sim/fsl_sim_hal.o
LOAD ./KSDK/platform/hal/port/fsl_port_hal.o
LOAD ./KSDK/platform/hal/mcg/fsl_mcg_hal.o
LOAD ./KSDK/platform/hal/gpio/fsl_gpio_hal.o
LOAD ./KSDK/platform/drivers/uart/src/fsl_uart_driver.o
LOAD ./KSDK/platform/drivers/uart/common/fsl_uart_common.o
LOAD ./KSDK/platform/drivers/gpio/src/fsl_gpio_driver.o
LOAD ./KSDK/platform/drivers/gpio/common/fsl_gpio_common.o
LOAD ./KSDK/boards/frdmk64f120m/gpio_pins.o
LOAD ./KSDK/boards/frdmk64f120m/hardware_init.o
LOAD ./KSDK/boards/frdmk64f120m/pin_mux.o
LOAD ./BSP/KSDK/KDS/startup_MK64F12.o
LOAD ./BSP/KSDK/startup.o
LOAD ./BSP/bsp_ser.o
LOAD ./BSP/cpu_bsp.o
LOAD ./APP/Controller.o
LOAD ./APP/app.o
LOAD ./APP/os_app_hooks.o
LOAD /Applications/KDS_v3.app/Contents/toolchain/bin/../lib/gcc/arm-none-eabi/4.8.4/../../../../arm-none-eabi/lib/armv7e-m/fpu/libm.a
START GROUP
LOAD /Applications/KDS_v3.app/Contents/toolchain/bin/../lib/gcc/arm-none-eabi/4.8.4/armv7e-m/fpu/libgcc.a
LOAD /Applications/KDS_v3.app/Contents/toolchain/bin/../lib/gcc/arm-none-eabi/4.8.4/../../../../arm-none-eabi/lib/armv7e-m/fpu/libg_s.a
LOAD /Applications/KDS_v3.app/Contents/toolchain/bin/../lib/gcc/arm-none-eabi/4.8.4/../../../../arm-none-eabi/lib/armv7e-m/fpu/libc_s.a
END GROUP
START GROUP
LOAD /Applications/KDS_v3.app/Contents/toolchain/bin/../lib/gcc/arm-none-eabi/4.8.4/armv7e-m/fpu/libgcc.a
LOAD /Applications/KDS_v3.app/Contents/toolchain/bin/../lib/gcc/arm-none-eabi/4.8.4/../../../../arm-none-eabi/lib/armv7e-m/fpu/libc_s.a
LOAD /Applications/KDS_v3.app/Contents/toolchain/bin/../lib/gcc/arm-none-eabi/4.8.4/../../../../arm-none-eabi/lib/armv7e-m/fpu/libnosys.a
END GROUP
START GROUP
LOAD /Applications/KDS_v3.app/Contents/toolchain/bin/../lib/gcc/arm-none-eabi/4.8.4/armv7e-m/fpu/libgcc.a
LOAD /Applications/KDS_v3.app/Contents/toolchain/bin/../lib/gcc/arm-none-eabi/4.8.4/../../../../arm-none-eabi/lib/armv7e-m/fpu/libc_s.a
LOAD /Applications/KDS_v3.app/Contents/toolchain/bin/../lib/gcc/arm-none-eabi/4.8.4/../../../../arm-none-eabi/lib/armv7e-m/fpu/libnosys.a
END GROUP
LOAD /Applications/KDS_v3.app/Contents/toolchain/bin/../lib/gcc/arm-none-eabi/4.8.4/armv7e-m/fpu/crtend.o
LOAD /Applications/KDS_v3.app/Contents/toolchain/bin/../lib/gcc/arm-none-eabi/4.8.4/armv7e-m/fpu/crtn.o
                0x0000000000008000                HEAP_SIZE = DEFINED (__heap_size__)?__heap_size__:0x8000
                0x0000000000004000                STACK_SIZE = DEFINED (__stack_size__)?__stack_size__:0x4000

.interrupts     0x0000000000000000      0x400
                0x0000000000000000                __VECTOR_TABLE = .
                0x0000000000000000                . = ALIGN (0x4)
 *(.isr_vector)
 .isr_vector    0x0000000000000000      0x400 ./BSP/KSDK/KDS/startup_MK64F12.o
                0x0000000000000000                __isr_vector
                0x0000000000000400                . = ALIGN (0x4)
                0x000000001fff0000                __VECTOR_RAM = ORIGIN (m_interrupts_ram)

.flash_config   0x0000000000000400       0x10
                0x0000000000000400                . = ALIGN (0x4)
 *(.FlashConfig)
 .FlashConfig   0x0000000000000400       0x10 ./BSP/KSDK/KDS/startup_MK64F12.o
                0x0000000000000410                . = ALIGN (0x4)

.text           0x0000000000000410     0x920c
                0x0000000000000410                . = ALIGN (0x4)
 *(.text)
 .text          0x0000000000000410       0x54 /Applications/KDS_v3.app/Contents/toolchain/bin/../lib/gcc/arm-none-eabi/4.8.4/armv7e-m/fpu/crtbegin.o
 .text          0x0000000000000464       0x74 /Applications/KDS_v3.app/Contents/toolchain/bin/../lib/gcc/arm-none-eabi/4.8.4/../../../../arm-none-eabi/lib/armv7e-m/fpu/crt0.o
                0x0000000000000464                _mainCRTStartup
                0x0000000000000464                _start
 .text          0x00000000000004d8       0xfc ./uCOS-III/Ports/ARM-Cortex-M4/Generic/GNU/os_cpu_a.o
                0x00000000000004d8                OS_CPU_FP_Reg_Push
                0x00000000000004ea                OS_CPU_FP_Reg_Pop
                0x00000000000004f6                OSStartHighRdy
                0x0000000000000566                OSCtxSw
                0x000000000000056e                OSIntCtxSw
                0x0000000000000576                PendSV_Handler
 .text          0x00000000000005d4       0x34 ./uC-CPU/ARM-Cortex-M4/GNU/cpu_a.o
                0x00000000000005d4                CPU_IntDis
                0x00000000000005d8                CPU_IntEn
                0x00000000000005dc                CPU_SR_Save
                0x00000000000005e4                CPU_SR_Restore
                0x00000000000005ea                CPU_WaitForInt
                0x00000000000005ee                CPU_WaitForExcept
                0x00000000000005f2                CPU_CntLeadZeros
                0x00000000000005f8                CPU_CntTrailZeros
                0x0000000000000602                CPU_RevBits
 .text          0x0000000000000608       0x3c ./BSP/KSDK/KDS/startup_MK64F12.o
                0x0000000000000608                Reset_Handler
                0x0000000000000640                DebugMon_Handler
                0x0000000000000640                I2C0_IRQHandler
                0x0000000000000640                HardFault_Handler
                0x0000000000000640                UART3_RX_TX_IRQHandler
                0x0000000000000640                NMI_Handler
                0x0000000000000640                UART0_RX_TX_IRQHandler
                0x0000000000000640                I2C1_IRQHandler
                0x0000000000000640                DMA2_IRQHandler
                0x0000000000000640                ENET_Error_IRQHandler
                0x0000000000000640                CAN0_Tx_Warning_IRQHandler
                0x0000000000000640                PIT0_IRQHandler
                0x0000000000000640                CAN0_ORed_Message_buffer_IRQHandler
                0x0000000000000640                Watchdog_IRQHandler
                0x0000000000000640                CMP2_IRQHandler
                0x0000000000000640                ENET_Receive_IRQHandler
                0x0000000000000640                ENET_1588_Timer_IRQHandler
                0x0000000000000640                UART2_RX_TX_IRQHandler
                0x0000000000000640                SWI_IRQHandler
                0x0000000000000640                ADC0_IRQHandler
                0x0000000000000640                UsageFault_Handler
                0x0000000000000640                I2S0_Tx_IRQHandler
                0x0000000000000640                CMT_IRQHandler
                0x0000000000000640                UART4_RX_TX_IRQHandler
                0x0000000000000640                SPI1_IRQHandler
                0x0000000000000640                DefaultISR
                0x0000000000000640                DMA9_IRQHandler
                0x0000000000000640                DMA14_IRQHandler
                0x0000000000000640                CMP1_IRQHandler
                0x0000000000000640                Reserved71_IRQHandler
                0x0000000000000640                PORTD_IRQHandler
                0x0000000000000640                PORTB_IRQHandler
                0x0000000000000640                UART4_ERR_IRQHandler
                0x0000000000000640                ADC1_IRQHandler
                0x0000000000000640                I2C2_IRQHandler
                0x0000000000000640                PIT2_IRQHandler
                0x0000000000000640                I2S0_Rx_IRQHandler
                0x0000000000000640                LPTimer_IRQHandler
                0x0000000000000640                DMA5_IRQHandler
                0x0000000000000640                RTC_IRQHandler
                0x0000000000000640                PDB0_IRQHandler
                0x0000000000000640                FTM1_IRQHandler
                0x0000000000000640                UART5_RX_TX_IRQHandler
                0x0000000000000640                UART3_ERR_IRQHandler
                0x0000000000000640                PIT3_IRQHandler
                0x0000000000000640                SDHC_IRQHandler
                0x0000000000000640                RTC_Seconds_IRQHandler
                0x0000000000000640                MCG_IRQHandler
                0x0000000000000640                FTFE_IRQHandler
                0x0000000000000640                UART2_ERR_IRQHandler
                0x0000000000000640                DMA11_IRQHandler
                0x0000000000000640                UART5_ERR_IRQHandler
                0x0000000000000640                Read_Collision_IRQHandler
                0x0000000000000640                Default_Handler
                0x0000000000000640                DMA7_IRQHandler
                0x0000000000000640                ENET_Transmit_IRQHandler
                0x0000000000000640                USBDCD_IRQHandler
                0x0000000000000640                USB0_IRQHandler
                0x0000000000000640                LLW_IRQHandler
                0x0000000000000640                SPI2_IRQHandler
                0x0000000000000640                MemManage_Handler
                0x0000000000000640                SVC_Handler
                0x0000000000000640                DMA13_IRQHandler
                0x0000000000000640                DMA3_IRQHandler
                0x0000000000000640                UART0_LON_IRQHandler
                0x0000000000000640                RNG_IRQHandler
                0x0000000000000640                DMA0_IRQHandler
                0x0000000000000640                DMA15_IRQHandler
                0x0000000000000640                DAC0_IRQHandler
                0x0000000000000640                CAN0_Error_IRQHandler
                0x0000000000000640                DMA4_IRQHandler
                0x0000000000000640                PIT1_IRQHandler
                0x0000000000000640                UART0_ERR_IRQHandler
                0x0000000000000640                DMA_Error_IRQHandler
                0x0000000000000640                LVD_LVW_IRQHandler
                0x0000000000000640                SPI0_IRQHandler
                0x0000000000000640                FTM0_IRQHandler
                0x0000000000000640                PORTA_IRQHandler
                0x0000000000000640                DAC1_IRQHandler
                0x0000000000000640                MCM_IRQHandler
                0x0000000000000640                DMA12_IRQHandler
                0x0000000000000640                CAN0_Bus_Off_IRQHandler
                0x0000000000000640                FTM3_IRQHandler
                0x0000000000000640                PORTE_IRQHandler
                0x0000000000000640                FTM2_IRQHandler
                0x0000000000000640                BusFault_Handler
                0x0000000000000640                DMA8_IRQHandler
                0x0000000000000640                DMA10_IRQHandler
                0x0000000000000640                CAN0_Wake_Up_IRQHandler
                0x0000000000000640                UART1_ERR_IRQHandler
                0x0000000000000640                UART1_RX_TX_IRQHandler
                0x0000000000000640                CMP0_IRQHandler
                0x0000000000000640                PORTC_IRQHandler
                0x0000000000000640                DMA6_IRQHandler
                0x0000000000000640                CAN0_Rx_Warning_IRQHandler
                0x0000000000000640                DMA1_IRQHandler
 .text          0x0000000000000644      0x424 /Applications/KDS_v3.app/Contents/toolchain/bin/../lib/gcc/arm-none-eabi/4.8.4/armv7e-m/fpu/libgcc.a(_arm_muldivdf3.o)
                0x0000000000000644                __aeabi_dmul
                0x0000000000000644                __muldf3
                0x0000000000000898                __aeabi_ddiv
                0x0000000000000898                __divdf3
 .text          0x0000000000000a68      0x110 /Applications/KDS_v3.app/Contents/toolchain/bin/../lib/gcc/arm-none-eabi/4.8.4/armv7e-m/fpu/libgcc.a(_arm_cmpdf2.o)
                0x0000000000000a68                __gtdf2
                0x0000000000000a68                __gedf2
                0x0000000000000a70                __ltdf2
                0x0000000000000a70                __ledf2
                0x0000000000000a78                __eqdf2
                0x0000000000000a78                __nedf2
                0x0000000000000a78                __cmpdf2
                0x0000000000000af4                __aeabi_cdrcmple
                0x0000000000000b04                __aeabi_cdcmple
                0x0000000000000b04                __aeabi_cdcmpeq
                0x0000000000000b14                __aeabi_dcmpeq
                0x0000000000000b28                __aeabi_dcmplt
                0x0000000000000b3c                __aeabi_dcmple
                0x0000000000000b50                __aeabi_dcmpge
                0x0000000000000b64                __aeabi_dcmpgt
 *(.text*)
 .text.OSCfg_Init
                0x0000000000000b78        0xc ./uCOS-III/Source/os_cfg_app.o
                0x0000000000000b78                OSCfg_Init
 .text.OSInit   0x0000000000000b84      0x1d4 ./uCOS-III/Source/os_core.o
                0x0000000000000b84                OSInit
 .text.OSIntEnter
                0x0000000000000d58       0x34 ./uCOS-III/Source/os_core.o
                0x0000000000000d58                OSIntEnter
 .text.OSIntExit
                0x0000000000000d8c       0xc0 ./uCOS-III/Source/os_core.o
                0x0000000000000d8c                OSIntExit
 .text.OSSched  0x0000000000000e4c       0x94 ./uCOS-III/Source/os_core.o
                0x0000000000000e4c                OSSched
 .text.OSSchedLock
                0x0000000000000ee0       0x54 ./uCOS-III/Source/os_core.o
                0x0000000000000ee0                OSSchedLock
 .text.OSSchedUnlock
                0x0000000000000f34       0x70 ./uCOS-III/Source/os_core.o
                0x0000000000000f34                OSSchedUnlock
 .text.OSSchedRoundRobinCfg
                0x0000000000000fa4       0x64 ./uCOS-III/Source/os_core.o
                0x0000000000000fa4                OSSchedRoundRobinCfg
 .text.OSStart  0x0000000000001008       0x80 ./uCOS-III/Source/os_core.o
                0x0000000000001008                OSStart
 .text.OS_IdleTask
                0x0000000000001088       0x34 ./uCOS-III/Source/os_core.o
                0x0000000000001088                OS_IdleTask
 .text.OS_IdleTaskInit
                0x00000000000010bc       0x68 ./uCOS-III/Source/os_core.o
                0x00000000000010bc                OS_IdleTaskInit
 .text.OS_Pend  0x0000000000001124       0x84 ./uCOS-III/Source/os_core.o
                0x0000000000001124                OS_Pend
 .text.OS_PendDataInit
                0x00000000000011a8       0x6c ./uCOS-III/Source/os_core.o
                0x00000000000011a8                OS_PendDataInit
 .text.OS_PendDbgNameAdd
                0x0000000000001214       0x7c ./uCOS-III/Source/os_core.o
                0x0000000000001214                OS_PendDbgNameAdd
 .text.OS_PendDbgNameRemove
                0x0000000000001290       0x48 ./uCOS-III/Source/os_core.o
                0x0000000000001290                OS_PendDbgNameRemove
 .text.OS_PendListChangePrio
                0x00000000000012d8       0x54 ./uCOS-III/Source/os_core.o
                0x00000000000012d8                OS_PendListChangePrio
 .text.OS_PendListInit
                0x000000000000132c       0x24 ./uCOS-III/Source/os_core.o
                0x000000000000132c                OS_PendListInit
 .text.OS_PendListInsertPrio
                0x0000000000001350       0xe4 ./uCOS-III/Source/os_core.o
                0x0000000000001350                OS_PendListInsertPrio
 .text.OS_PendListRemove
                0x0000000000001434       0x54 ./uCOS-III/Source/os_core.o
                0x0000000000001434                OS_PendListRemove
 .text.OS_PendListRemove1
                0x0000000000001488       0x94 ./uCOS-III/Source/os_core.o
                0x0000000000001488                OS_PendListRemove1
 .text.OS_Post  0x000000000000151c      0x12c ./uCOS-III/Source/os_core.o
                0x000000000000151c                OS_Post
 .text.OS_Post1
                0x0000000000001648       0x60 ./uCOS-III/Source/os_core.o
                0x0000000000001648                OS_Post1
 .text.OS_RdyListInit
                0x00000000000016a8       0x48 ./uCOS-III/Source/os_core.o
                0x00000000000016a8                OS_RdyListInit
 .text.OS_RdyListInsert
                0x00000000000016f0       0x3c ./uCOS-III/Source/os_core.o
                0x00000000000016f0                OS_RdyListInsert
 .text.OS_RdyListInsertHead
                0x000000000000172c       0x80 ./uCOS-III/Source/os_core.o
                0x000000000000172c                OS_RdyListInsertHead
 .text.OS_RdyListInsertTail
                0x00000000000017ac       0x80 ./uCOS-III/Source/os_core.o
                0x00000000000017ac                OS_RdyListInsertTail
 .text.OS_RdyListMoveHeadToTail
                0x000000000000182c       0x90 ./uCOS-III/Source/os_core.o
                0x000000000000182c                OS_RdyListMoveHeadToTail
 .text.OS_RdyListRemove
                0x00000000000018bc       0xac ./uCOS-III/Source/os_core.o
                0x00000000000018bc                OS_RdyListRemove
 .text.OS_SchedRoundRobin
                0x0000000000001968       0xb4 ./uCOS-III/Source/os_core.o
                0x0000000000001968                OS_SchedRoundRobin
 .text.OS_TaskBlock
                0x0000000000001a1c       0x3c ./uCOS-III/Source/os_core.o
                0x0000000000001a1c                OS_TaskBlock
 .text.OS_Dbg_Init
                0x0000000000001a58      0x238 ./uCOS-III/Source/os_dbg.o
                0x0000000000001a58                OS_Dbg_Init
 .text.OS_FlagInit
                0x0000000000001c90       0x2c ./uCOS-III/Source/os_flag.o
                0x0000000000001c90                OS_FlagInit
 .text.OS_MemInit
                0x0000000000001cbc       0x2c ./uCOS-III/Source/os_mem.o
                0x0000000000001cbc                OS_MemInit
 .text.OS_MsgPoolInit
                0x0000000000001ce8       0xac ./uCOS-III/Source/os_msg.o
                0x0000000000001ce8                OS_MsgPoolInit
 .text.OS_MsgQFreeAll
                0x0000000000001d94       0x78 ./uCOS-III/Source/os_msg.o
                0x0000000000001d94                OS_MsgQFreeAll
 .text.OS_MsgQInit
                0x0000000000001e0c       0x34 ./uCOS-III/Source/os_msg.o
                0x0000000000001e0c                OS_MsgQInit
 .text.OSMutexCreate
                0x0000000000001e40       0x6c ./uCOS-III/Source/os_mutex.o
                0x0000000000001e40                OSMutexCreate
 .text.OSMutexPend
                0x0000000000001eac      0x1ac ./uCOS-III/Source/os_mutex.o
                0x0000000000001eac                OSMutexPend
 .text.OSMutexPost
                0x0000000000002058      0x154 ./uCOS-III/Source/os_mutex.o
                0x0000000000002058                OSMutexPost
 .text.OS_MutexDbgListAdd
                0x00000000000021ac       0x4c ./uCOS-III/Source/os_mutex.o
                0x00000000000021ac                OS_MutexDbgListAdd
 .text.OS_MutexInit
                0x00000000000021f8       0x2c ./uCOS-III/Source/os_mutex.o
                0x00000000000021f8                OS_MutexInit
 .text.OS_MutexGrpAdd
                0x0000000000002224       0x24 ./uCOS-III/Source/os_mutex.o
                0x0000000000002224                OS_MutexGrpAdd
 .text.OS_MutexGrpRemove
                0x0000000000002248       0x38 ./uCOS-III/Source/os_mutex.o
                0x0000000000002248                OS_MutexGrpRemove
 .text.OS_MutexGrpPrioFindHighest
                0x0000000000002280       0x58 ./uCOS-III/Source/os_mutex.o
                0x0000000000002280                OS_MutexGrpPrioFindHighest
 .text.OS_MutexGrpPostAll
                0x00000000000022d8       0x84 ./uCOS-III/Source/os_mutex.o
                0x00000000000022d8                OS_MutexGrpPostAll
 .text.OS_PrioInit
                0x000000000000235c       0x30 ./uCOS-III/Source/os_prio.o
                0x000000000000235c                OS_PrioInit
 .text.OS_PrioGetHighest
                0x000000000000238c       0x48 ./uCOS-III/Source/os_prio.o
                0x000000000000238c                OS_PrioGetHighest
 .text.OS_PrioInsert
                0x00000000000023d4       0x4c ./uCOS-III/Source/os_prio.o
                0x00000000000023d4                OS_PrioInsert
 .text.OS_PrioRemove
                0x0000000000002420       0x50 ./uCOS-III/Source/os_prio.o
                0x0000000000002420                OS_PrioRemove
 .text.OS_QInit
                0x0000000000002470       0x2c ./uCOS-III/Source/os_q.o
                0x0000000000002470                OS_QInit
 .text.OSSemCreate
                0x000000000000249c       0x60 ./uCOS-III/Source/os_sem.o
                0x000000000000249c                OSSemCreate
 .text.OSSemPost
                0x00000000000024fc       0x2c ./uCOS-III/Source/os_sem.o
                0x00000000000024fc                OSSemPost
 .text.OS_SemDbgListAdd
                0x0000000000002528       0x4c ./uCOS-III/Source/os_sem.o
                0x0000000000002528                OS_SemDbgListAdd
 .text.OS_SemInit
                0x0000000000002574       0x2c ./uCOS-III/Source/os_sem.o
                0x0000000000002574                OS_SemInit
 .text.OS_SemPost
                0x00000000000025a0       0xd4 ./uCOS-III/Source/os_sem.o
                0x00000000000025a0                OS_SemPost
 .text.OSStatReset
                0x0000000000002674      0x100 ./uCOS-III/Source/os_stat.o
                0x0000000000002674                OSStatReset
 .text.OSStatTaskCPUUsageInit
                0x0000000000002774       0xf0 ./uCOS-III/Source/os_stat.o
                0x0000000000002774                OSStatTaskCPUUsageInit
 .text.OS_StatTask
                0x0000000000002864      0x2f4 ./uCOS-III/Source/os_stat.o
                0x0000000000002864                OS_StatTask
 .text.OS_StatTaskInit
                0x0000000000002b58       0xd4 ./uCOS-III/Source/os_stat.o
                0x0000000000002b58                OS_StatTaskInit
 .text.OSTaskCreate
                0x0000000000002c2c      0x184 ./uCOS-III/Source/os_task.o
                0x0000000000002c2c                OSTaskCreate
 .text.OSTaskDel
                0x0000000000002db0      0x1b4 ./uCOS-III/Source/os_task.o
                0x0000000000002db0                OSTaskDel
 .text.OSTaskResume
                0x0000000000002f64       0x20 ./uCOS-III/Source/os_task.o
                0x0000000000002f64                OSTaskResume
 .text.OSTaskSemPend
                0x0000000000002f84      0x190 ./uCOS-III/Source/os_task.o
                0x0000000000002f84                OSTaskSemPend
 .text.OSTaskSemPost
                0x0000000000003114       0x2c ./uCOS-III/Source/os_task.o
                0x0000000000003114                OSTaskSemPost
 .text.OSTaskStkChk
                0x0000000000003140       0xb0 ./uCOS-III/Source/os_task.o
                0x0000000000003140                OSTaskStkChk
 .text.OSTaskSuspend
                0x00000000000031f0       0x30 ./uCOS-III/Source/os_task.o
                0x00000000000031f0                OSTaskSuspend
 .text.OS_TaskDbgListAdd
                0x0000000000003220       0x4c ./uCOS-III/Source/os_task.o
                0x0000000000003220                OS_TaskDbgListAdd
 .text.OS_TaskDbgListRemove
                0x000000000000326c       0x84 ./uCOS-III/Source/os_task.o
                0x000000000000326c                OS_TaskDbgListRemove
 .text.OS_TaskInit
                0x00000000000032f0       0x38 ./uCOS-III/Source/os_task.o
                0x00000000000032f0                OS_TaskInit
 .text.OS_TaskInitTCB
                0x0000000000003328      0x19c ./uCOS-III/Source/os_task.o
                0x0000000000003328                OS_TaskInitTCB
 .text.OS_TaskResume
                0x00000000000034c4      0x110 ./uCOS-III/Source/os_task.o
                0x00000000000034c4                OS_TaskResume
 .text.OS_TaskReturn
                0x00000000000035d4       0x24 ./uCOS-III/Source/os_task.o
                0x00000000000035d4                OS_TaskReturn
 .text.OS_TaskSemPost
                0x00000000000035f8      0x114 ./uCOS-III/Source/os_task.o
                0x00000000000035f8                OS_TaskSemPost
 .text.OS_TaskSuspend
                0x000000000000370c      0x104 ./uCOS-III/Source/os_task.o
                0x000000000000370c                OS_TaskSuspend
 .text.OS_TaskChangePrio
                0x0000000000003810      0x144 ./uCOS-III/Source/os_task.o
                0x0000000000003810                OS_TaskChangePrio
 .text.OS_TickTask
                0x0000000000003954       0x60 ./uCOS-III/Source/os_tick.o
                0x0000000000003954                OS_TickTask
 .text.OS_TickTaskInit
                0x00000000000039b4       0xd8 ./uCOS-III/Source/os_tick.o
                0x00000000000039b4                OS_TickTaskInit
 .text.OS_TickListInsert
                0x0000000000003a8c      0x130 ./uCOS-III/Source/os_tick.o
                0x0000000000003a8c                OS_TickListInsert
 .text.OS_TickListInsertDly
                0x0000000000003bbc      0x108 ./uCOS-III/Source/os_tick.o
                0x0000000000003bbc                OS_TickListInsertDly
 .text.OS_TickListRemove
                0x0000000000003cc4       0xc8 ./uCOS-III/Source/os_tick.o
                0x0000000000003cc4                OS_TickListRemove
 .text.OS_TickListResetPeak
                0x0000000000003d8c        0xc ./uCOS-III/Source/os_tick.o
                0x0000000000003d8c                OS_TickListResetPeak
 .text.OS_TickListUpdateDly
                0x0000000000003d98       0xb4 ./uCOS-III/Source/os_tick.o
 .text.OS_TickListUpdateTimeout
                0x0000000000003e4c      0x150 ./uCOS-III/Source/os_tick.o
 .text.OSTimeDly
                0x0000000000003f9c       0xb8 ./uCOS-III/Source/os_time.o
                0x0000000000003f9c                OSTimeDly
 .text.OSTimeDlyHMSM
                0x0000000000004054      0x138 ./uCOS-III/Source/os_time.o
                0x0000000000004054                OSTimeDlyHMSM
 .text.OSTimeTick
                0x000000000000418c       0x74 ./uCOS-III/Source/os_time.o
                0x000000000000418c                OSTimeTick
 .text.OSTmrCreate
                0x0000000000004200       0x80 ./uCOS-III/Source/os_tmr.o
                0x0000000000004200                OSTmrCreate
 .text.OSTmrStart
                0x0000000000004280       0xfc ./uCOS-III/Source/os_tmr.o
                0x0000000000004280                OSTmrStart
 .text.OS_TmrDbgListAdd
                0x000000000000437c       0x44 ./uCOS-III/Source/os_tmr.o
                0x000000000000437c                OS_TmrDbgListAdd
 .text.OS_TmrInit
                0x00000000000043c0      0x134 ./uCOS-III/Source/os_tmr.o
                0x00000000000043c0                OS_TmrInit
 .text.OS_TmrResetPeak
                0x00000000000044f4        0xc ./uCOS-III/Source/os_tmr.o
                0x00000000000044f4                OS_TmrResetPeak
 .text.OS_TmrUnlink
                0x0000000000004500       0x7c ./uCOS-III/Source/os_tmr.o
                0x0000000000004500                OS_TmrUnlink
 .text.OS_TmrTask
                0x000000000000457c       0xcc ./uCOS-III/Source/os_tmr.o
                0x000000000000457c                OS_TmrTask
 .text.OS_TmrLock
                0x0000000000004648       0x20 ./uCOS-III/Source/os_tmr.o
 .text.OS_TmrUnlock
                0x0000000000004668       0x1c ./uCOS-III/Source/os_tmr.o
 .text.OSIdleTaskHook
                0x0000000000004684       0x18 ./uCOS-III/Ports/ARM-Cortex-M4/Generic/GNU/os_cpu_c.o
                0x0000000000004684                OSIdleTaskHook
 .text.OSInitHook
                0x000000000000469c       0x38 ./uCOS-III/Ports/ARM-Cortex-M4/Generic/GNU/os_cpu_c.o
                0x000000000000469c                OSInitHook
 .text.OSStatTaskHook
                0x00000000000046d4       0x18 ./uCOS-III/Ports/ARM-Cortex-M4/Generic/GNU/os_cpu_c.o
                0x00000000000046d4                OSStatTaskHook
 .text.OSTaskCreateHook
                0x00000000000046ec       0x24 ./uCOS-III/Ports/ARM-Cortex-M4/Generic/GNU/os_cpu_c.o
                0x00000000000046ec                OSTaskCreateHook
 .text.OSTaskDelHook
                0x0000000000004710       0x24 ./uCOS-III/Ports/ARM-Cortex-M4/Generic/GNU/os_cpu_c.o
                0x0000000000004710                OSTaskDelHook
 .text.OSTaskReturnHook
                0x0000000000004734       0x24 ./uCOS-III/Ports/ARM-Cortex-M4/Generic/GNU/os_cpu_c.o
                0x0000000000004734                OSTaskReturnHook
 .text.OSTaskStkInit
                0x0000000000004758      0x34c ./uCOS-III/Ports/ARM-Cortex-M4/Generic/GNU/os_cpu_c.o
                0x0000000000004758                OSTaskStkInit
 .text.OSTaskSwHook
                0x0000000000004aa4       0xa8 ./uCOS-III/Ports/ARM-Cortex-M4/Generic/GNU/os_cpu_c.o
                0x0000000000004aa4                OSTaskSwHook
 .text.OSTimeTickHook
                0x0000000000004b4c       0x18 ./uCOS-III/Ports/ARM-Cortex-M4/Generic/GNU/os_cpu_c.o
                0x0000000000004b4c                OSTimeTickHook
 .text.SysTick_Handler
                0x0000000000004b64       0x1c ./uCOS-III/Ports/ARM-Cortex-M4/Generic/GNU/os_cpu_c.o
                0x0000000000004b64                SysTick_Handler
 .text.OS_CPU_SysTickInit
                0x0000000000004b80       0x54 ./uCOS-III/Ports/ARM-Cortex-M4/Generic/GNU/os_cpu_c.o
                0x0000000000004b80                OS_CPU_SysTickInit
 .text.Math_Init
                0x0000000000004bd4        0xc ./uC-LIB/lib_math.o
                0x0000000000004bd4                Math_Init
 .text.Math_RandSetSeed
                0x0000000000004be0       0x20 ./uC-LIB/lib_math.o
                0x0000000000004be0                Math_RandSetSeed
 .text.Mem_Init
                0x0000000000004c00       0x4c ./uC-LIB/lib_mem.o
                0x0000000000004c00                Mem_Init
 .text.Mem_Clr  0x0000000000004c4c       0x1c ./uC-LIB/lib_mem.o
                0x0000000000004c4c                Mem_Clr
 .text.Mem_Set  0x0000000000004c68       0xb4 ./uC-LIB/lib_mem.o
                0x0000000000004c68                Mem_Set
 .text.Mem_SegCreate
                0x0000000000004d1c       0x34 ./uC-LIB/lib_mem.o
                0x0000000000004d1c                Mem_SegCreate
 .text.Mem_SegCreateCritical
                0x0000000000004d50       0x48 ./uC-LIB/lib_mem.o
 .text.Str_Len_N
                0x0000000000004d98       0x44 ./uC-LIB/lib_str.o
                0x0000000000004d98                Str_Len_N
 .text.Str_Copy_N
                0x0000000000004ddc       0x90 ./uC-LIB/lib_str.o
                0x0000000000004ddc                Str_Copy_N
 .text.CPU_Init
                0x0000000000004e6c       0x10 ./uC-CPU/cpu_core.o
                0x0000000000004e6c                CPU_Init
 .text.CPU_SW_Exception
                0x0000000000004e7c        0x8 ./uC-CPU/cpu_core.o
                0x0000000000004e7c                CPU_SW_Exception
 .text.CPU_NameClr
                0x0000000000004e84       0x1c ./uC-CPU/cpu_core.o
                0x0000000000004e84                CPU_NameClr
 .text.CPU_NameSet
                0x0000000000004ea0       0x60 ./uC-CPU/cpu_core.o
                0x0000000000004ea0                CPU_NameSet
 .text.CPU_TS_TmrFreqSet
                0x0000000000004f00       0x1c ./uC-CPU/cpu_core.o
                0x0000000000004f00                CPU_TS_TmrFreqSet
 .text.CPU_NameInit
                0x0000000000004f1c        0xc ./uC-CPU/cpu_core.o
 .text.CPU_TS_Init
                0x0000000000004f28       0x3c ./uC-CPU/cpu_core.o
 .text.INT_SYS_InstallHandler
                0x0000000000004f64       0x60 ./KSDK/platform/system/interrupt/src/fsl_interrupt_manager.o
                0x0000000000004f64                INT_SYS_InstallHandler
 .text.INT_SYS_EnableIRQGlobal
                0x0000000000004fc4       0x30 ./KSDK/platform/system/interrupt/src/fsl_interrupt_manager.o
                0x0000000000004fc4                INT_SYS_EnableIRQGlobal
 .text.INT_SYS_DisableIRQGlobal
                0x0000000000004ff4       0x1c ./KSDK/platform/system/interrupt/src/fsl_interrupt_manager.o
                0x0000000000004ff4                INT_SYS_DisableIRQGlobal
 .text.CLOCK_SYS_GetUartFreq
                0x0000000000005010       0x58 ./KSDK/platform/system/clock/MK64F12/fsl_clock_K64F12.o
                0x0000000000005010                CLOCK_SYS_GetUartFreq
 .text.CLOCK_SYS_GetSysClkFreq
                0x0000000000005068       0x8c ./KSDK/platform/system/clock/fsl_clock_manager.o
                0x0000000000005068                CLOCK_SYS_GetSysClkFreq
 .text.CLOCK_SYS_GetFreq
                0x00000000000050f4      0x164 ./KSDK/platform/system/clock/fsl_clock_manager.o
                0x00000000000050f4                CLOCK_SYS_GetFreq
 .text.SystemInit
                0x0000000000005258      0x1f4 ./KSDK/platform/startup/MK64F12/system_MK64F12.o
                0x0000000000005258                SystemInit
 .text.OSA_SemaCreate
                0x000000000000544c       0x34 ./KSDK/platform/osa/src/fsl_os_abstraction_ucosiii.o
                0x000000000000544c                OSA_SemaCreate
 .text.OSA_SemaPost
                0x0000000000005480       0x2c ./KSDK/platform/osa/src/fsl_os_abstraction_ucosiii.o
                0x0000000000005480                OSA_SemaPost
 .text.OSA_Init
                0x00000000000054ac       0x48 ./KSDK/platform/osa/src/fsl_os_abstraction_ucosiii.o
                0x00000000000054ac                OSA_Init
 .text.OSA_Start
                0x00000000000054f4       0x24 ./KSDK/platform/osa/src/fsl_os_abstraction_ucosiii.o
                0x00000000000054f4                OSA_Start
 .text.UART_HAL_Init
                0x0000000000005518       0x98 ./KSDK/platform/hal/uart/fsl_uart_hal.o
                0x0000000000005518                UART_HAL_Init
 .text.UART_HAL_SetBaudRate
                0x00000000000055b0       0xa4 ./KSDK/platform/hal/uart/fsl_uart_hal.o
                0x00000000000055b0                UART_HAL_SetBaudRate
 .text.UART_HAL_Putchar
                0x0000000000005654       0x24 ./KSDK/platform/hal/uart/fsl_uart_hal.o
                0x0000000000005654                UART_HAL_Putchar
 .text.UART_HAL_Getchar
                0x0000000000005678       0x28 ./KSDK/platform/hal/uart/fsl_uart_hal.o
                0x0000000000005678                UART_HAL_Getchar
 .text.UART_HAL_SetTxFifoCmd
                0x00000000000056a0       0x5c ./KSDK/platform/hal/uart/fsl_uart_hal.o
                0x00000000000056a0                UART_HAL_SetTxFifoCmd
 .text.UART_HAL_SetRxFifoCmd
                0x00000000000056fc       0x5c ./KSDK/platform/hal/uart/fsl_uart_hal.o
                0x00000000000056fc                UART_HAL_SetRxFifoCmd
 .text.UART_HAL_FlushTxFifo
                0x0000000000005758       0x40 ./KSDK/platform/hal/uart/fsl_uart_hal.o
                0x0000000000005758                UART_HAL_FlushTxFifo
 .text.UART_HAL_FlushRxFifo
                0x0000000000005798       0x40 ./KSDK/platform/hal/uart/fsl_uart_hal.o
                0x0000000000005798                UART_HAL_FlushRxFifo
 .text.UART_HAL_SetTxFifoWatermark
                0x00000000000057d8       0x3c ./KSDK/platform/hal/uart/fsl_uart_hal.o
                0x00000000000057d8                UART_HAL_SetTxFifoWatermark
 .text.UART_HAL_SetRxFifoWatermark
                0x0000000000005814       0x3c ./KSDK/platform/hal/uart/fsl_uart_hal.o
                0x0000000000005814                UART_HAL_SetRxFifoWatermark
 .text.SIM_HAL_EnablePortClock
                0x0000000000005850       0x8c ./KSDK/platform/hal/sim/MK64F12/fsl_sim_hal_K64F12.o
                0x0000000000005850                SIM_HAL_EnablePortClock
 .text.SIM_HAL_EnableUartClock
                0x00000000000058dc       0xa4 ./KSDK/platform/hal/sim/MK64F12/fsl_sim_hal_K64F12.o
                0x00000000000058dc                SIM_HAL_EnableUartClock
 .text.CLOCK_HAL_GetDivider
                0x0000000000005980      0x12c ./KSDK/platform/hal/sim/fsl_sim_hal.o
                0x0000000000005980                CLOCK_HAL_GetDivider
 .text.CLOCK_HAL_GetClkSrcMode
                0x0000000000005aac       0x20 ./KSDK/platform/hal/mcg/fsl_mcg_hal.o
 .text.CLOCK_HAL_GetFllExternalRefDivider
                0x0000000000005acc       0x24 ./KSDK/platform/hal/mcg/fsl_mcg_hal.o
 .text.CLOCK_HAL_GetInternalRefSelMode
                0x0000000000005af0       0x24 ./KSDK/platform/hal/mcg/fsl_mcg_hal.o
 .text.CLOCK_HAL_GetRange0Mode
                0x0000000000005b14       0x24 ./KSDK/platform/hal/mcg/fsl_mcg_hal.o
 .text.CLOCK_HAL_GetInternalRefClkSelMode
                0x0000000000005b38       0x24 ./KSDK/platform/hal/mcg/fsl_mcg_hal.o
 .text.CLOCK_HAL_GetDmx32
                0x0000000000005b5c       0x24 ./KSDK/platform/hal/mcg/fsl_mcg_hal.o
 .text.CLOCK_HAL_GetDigitalControlledOscRangeMode
                0x0000000000005b80       0x24 ./KSDK/platform/hal/mcg/fsl_mcg_hal.o
 .text.CLOCK_HAL_GetPllExternalRefDivider0
                0x0000000000005ba4       0x20 ./KSDK/platform/hal/mcg/fsl_mcg_hal.o
 .text.CLOCK_HAL_GetPllSelMode
                0x0000000000005bc4       0x24 ./KSDK/platform/hal/mcg/fsl_mcg_hal.o
 .text.CLOCK_HAL_GetVoltCtrlOscDivider0
                0x0000000000005be8       0x20 ./KSDK/platform/hal/mcg/fsl_mcg_hal.o
 .text.CLOCK_HAL_GetFastClkInternalRefDivider
                0x0000000000005c08       0x24 ./KSDK/platform/hal/mcg/fsl_mcg_hal.o
 .text.CLOCK_HAL_GetOscselMode
                0x0000000000005c2c       0x20 ./KSDK/platform/hal/mcg/fsl_mcg_hal.o
 .text.CLOCK_HAL_GetFllRefClk
                0x0000000000005c4c       0x9c ./KSDK/platform/hal/mcg/fsl_mcg_hal.o
                0x0000000000005c4c                CLOCK_HAL_GetFllRefClk
 .text.CLOCK_HAL_GetFllClk
                0x0000000000005ce8       0xf4 ./KSDK/platform/hal/mcg/fsl_mcg_hal.o
                0x0000000000005ce8                CLOCK_HAL_GetFllClk
 .text.CLOCK_HAL_GetPll0Clk
                0x0000000000005ddc       0x7c ./KSDK/platform/hal/mcg/fsl_mcg_hal.o
                0x0000000000005ddc                CLOCK_HAL_GetPll0Clk
 .text.CLOCK_HAL_GetInternalRefClk
                0x0000000000005e58       0x3c ./KSDK/platform/hal/mcg/fsl_mcg_hal.o
                0x0000000000005e58                CLOCK_HAL_GetInternalRefClk
 .text.CLOCK_HAL_GetOutClk
                0x0000000000005e94       0xa8 ./KSDK/platform/hal/mcg/fsl_mcg_hal.o
                0x0000000000005e94                CLOCK_HAL_GetOutClk
 .text.GPIO_HAL_SetPinDir
                0x0000000000005f3c       0x68 ./KSDK/platform/hal/gpio/fsl_gpio_hal.o
                0x0000000000005f3c                GPIO_HAL_SetPinDir
 .text.GPIO_HAL_WritePinOutput
                0x0000000000005fa4       0x54 ./KSDK/platform/hal/gpio/fsl_gpio_hal.o
                0x0000000000005fa4                GPIO_HAL_WritePinOutput
 .text.NVIC_EnableIRQ
                0x0000000000005ff8       0x30 ./KSDK/platform/drivers/uart/src/fsl_uart_driver.o
 .text.UART_HAL_EnableTransmitter
                0x0000000000006028       0x24 ./KSDK/platform/drivers/uart/src/fsl_uart_driver.o
 .text.UART_HAL_EnableReceiver
                0x000000000000604c       0x24 ./KSDK/platform/drivers/uart/src/fsl_uart_driver.o
 .text.UART_HAL_SetBitCountPerChar
                0x0000000000006070       0x28 ./KSDK/platform/drivers/uart/src/fsl_uart_driver.o
 .text.UART_HAL_SetParityMode
                0x0000000000006098       0x2c ./KSDK/platform/drivers/uart/src/fsl_uart_driver.o
 .text.UART_HAL_SetStopBitCount
                0x00000000000060c4       0x24 ./KSDK/platform/drivers/uart/src/fsl_uart_driver.o
 .text.UART_HAL_SetTxDataRegEmptyIntCmd
                0x00000000000060e8       0x28 ./KSDK/platform/drivers/uart/src/fsl_uart_driver.o
 .text.UART_HAL_GetTxDataRegEmptyIntCmd
                0x0000000000006110       0x30 ./KSDK/platform/drivers/uart/src/fsl_uart_driver.o
 .text.UART_HAL_SetRxDataRegFullIntCmd
                0x0000000000006140       0x28 ./KSDK/platform/drivers/uart/src/fsl_uart_driver.o
 .text.UART_HAL_GetRxDataRegFullIntCmd
                0x0000000000006168       0x30 ./KSDK/platform/drivers/uart/src/fsl_uart_driver.o
 .text.UART_HAL_IsTxDataRegEmpty
                0x0000000000006198       0x30 ./KSDK/platform/drivers/uart/src/fsl_uart_driver.o
 .text.UART_HAL_IsRxDataRegFull
                0x00000000000061c8       0x30 ./KSDK/platform/drivers/uart/src/fsl_uart_driver.o
 .text.UART_HAL_GetTxFifoSize
                0x00000000000061f8       0x24 ./KSDK/platform/drivers/uart/src/fsl_uart_driver.o
 .text.UART_HAL_GetTxDatawordCountInFifo
                0x000000000000621c       0x1c ./KSDK/platform/drivers/uart/src/fsl_uart_driver.o
 .text.UART_HAL_GetRxDatawordCountInFifo
                0x0000000000006238       0x1c ./KSDK/platform/drivers/uart/src/fsl_uart_driver.o
 .text.CLOCK_SYS_EnableUartClock
                0x0000000000006254       0x20 ./KSDK/platform/drivers/uart/src/fsl_uart_driver.o
 .text.INT_SYS_EnableIRQ
                0x0000000000006274       0x54 ./KSDK/platform/drivers/uart/src/fsl_uart_driver.o
 .text.UART_DRV_Init
                0x00000000000062c8      0x170 ./KSDK/platform/drivers/uart/src/fsl_uart_driver.o
                0x00000000000062c8                UART_DRV_Init
 .text.UART_DRV_InstallRxCallback
                0x0000000000006438       0x54 ./KSDK/platform/drivers/uart/src/fsl_uart_driver.o
                0x0000000000006438                UART_DRV_InstallRxCallback
 .text.UART_DRV_CompleteSendData
                0x000000000000648c       0x6c ./KSDK/platform/drivers/uart/src/fsl_uart_driver.o
 .text.UART_DRV_CompleteReceiveData
                0x00000000000064f8       0x6c ./KSDK/platform/drivers/uart/src/fsl_uart_driver.o
 .text.UART_DRV_IRQHandler
                0x0000000000006564      0x140 ./KSDK/platform/drivers/uart/src/fsl_uart_driver.o
                0x0000000000006564                UART_DRV_IRQHandler
 .text.NVIC_EnableIRQ
                0x00000000000066a4       0x30 ./KSDK/platform/drivers/gpio/src/fsl_gpio_driver.o
 .text.PORT_HAL_SetPullMode
                0x00000000000066d4       0x44 ./KSDK/platform/drivers/gpio/src/fsl_gpio_driver.o
 .text.PORT_HAL_SetPullCmd
                0x0000000000006718       0x48 ./KSDK/platform/drivers/gpio/src/fsl_gpio_driver.o
 .text.PORT_HAL_SetSlewRateMode
                0x0000000000006760       0x48 ./KSDK/platform/drivers/gpio/src/fsl_gpio_driver.o
 .text.PORT_HAL_SetPassiveFilterCmd
                0x00000000000067a8       0x48 ./KSDK/platform/drivers/gpio/src/fsl_gpio_driver.o
 .text.PORT_HAL_SetOpenDrainCmd
                0x00000000000067f0       0x48 ./KSDK/platform/drivers/gpio/src/fsl_gpio_driver.o
 .text.PORT_HAL_SetDriveStrengthMode
                0x0000000000006838       0x48 ./KSDK/platform/drivers/gpio/src/fsl_gpio_driver.o
 .text.PORT_HAL_SetDigitalFilterCmd
                0x0000000000006880       0x4c ./KSDK/platform/drivers/gpio/src/fsl_gpio_driver.o
 .text.PORT_HAL_SetPinIntMode
                0x00000000000068cc       0x58 ./KSDK/platform/drivers/gpio/src/fsl_gpio_driver.o
 .text.GPIO_HAL_SetPinOutput
                0x0000000000006924       0x3c ./KSDK/platform/drivers/gpio/src/fsl_gpio_driver.o
 .text.GPIO_HAL_TogglePinOutput
                0x0000000000006960       0x3c ./KSDK/platform/drivers/gpio/src/fsl_gpio_driver.o
 .text.CLOCK_SYS_EnablePortClock
                0x000000000000699c       0x20 ./KSDK/platform/drivers/gpio/src/fsl_gpio_driver.o
 .text.INT_SYS_EnableIRQ
                0x00000000000069bc       0x54 ./KSDK/platform/drivers/gpio/src/fsl_gpio_driver.o
 .text.GPIO_DRV_Init
                0x0000000000006a10       0x50 ./KSDK/platform/drivers/gpio/src/fsl_gpio_driver.o
                0x0000000000006a10                GPIO_DRV_Init
 .text.GPIO_DRV_InputPinInit
                0x0000000000006a60       0xbc ./KSDK/platform/drivers/gpio/src/fsl_gpio_driver.o
                0x0000000000006a60                GPIO_DRV_InputPinInit
 .text.GPIO_DRV_OutputPinInit
                0x0000000000006b1c       0x84 ./KSDK/platform/drivers/gpio/src/fsl_gpio_driver.o
                0x0000000000006b1c                GPIO_DRV_OutputPinInit
 .text.GPIO_DRV_SetPinOutput
                0x0000000000006ba0       0x30 ./KSDK/platform/drivers/gpio/src/fsl_gpio_driver.o
                0x0000000000006ba0                GPIO_DRV_SetPinOutput
 .text.GPIO_DRV_TogglePinOutput
                0x0000000000006bd0       0x30 ./KSDK/platform/drivers/gpio/src/fsl_gpio_driver.o
                0x0000000000006bd0                GPIO_DRV_TogglePinOutput
 .text.CLOCK_SYS_EnablePortClock
                0x0000000000006c00       0x20 ./KSDK/boards/frdmk64f120m/hardware_init.o
 .text.hardware_init
                0x0000000000006c20       0x70 ./KSDK/boards/frdmk64f120m/hardware_init.o
                0x0000000000006c20                hardware_init
 .text.PORT_HAL_SetPullMode
                0x0000000000006c90       0x44 ./KSDK/boards/frdmk64f120m/pin_mux.o
 .text.PORT_HAL_SetPullCmd
                0x0000000000006cd4       0x48 ./KSDK/boards/frdmk64f120m/pin_mux.o
 .text.PORT_HAL_SetSlewRateMode
                0x0000000000006d1c       0x48 ./KSDK/boards/frdmk64f120m/pin_mux.o
 .text.PORT_HAL_SetPassiveFilterCmd
                0x0000000000006d64       0x48 ./KSDK/boards/frdmk64f120m/pin_mux.o
 .text.PORT_HAL_SetOpenDrainCmd
                0x0000000000006dac       0x48 ./KSDK/boards/frdmk64f120m/pin_mux.o
 .text.PORT_HAL_SetDriveStrengthMode
                0x0000000000006df4       0x48 ./KSDK/boards/frdmk64f120m/pin_mux.o
 .text.PORT_HAL_SetMuxMode
                0x0000000000006e3c       0x54 ./KSDK/boards/frdmk64f120m/pin_mux.o
 .text.configure_adc_pins
                0x0000000000006e90       0x1c ./KSDK/boards/frdmk64f120m/pin_mux.o
                0x0000000000006e90                configure_adc_pins
 .text.configure_enet_pins
                0x0000000000006eac       0xc4 ./KSDK/boards/frdmk64f120m/pin_mux.o
                0x0000000000006eac                configure_enet_pins
 .text.configure_gpio_pins
                0x0000000000006f70      0x184 ./KSDK/boards/frdmk64f120m/pin_mux.o
                0x0000000000006f70                configure_gpio_pins
 .text.configure_i2c_pins
                0x00000000000070f4       0x78 ./KSDK/boards/frdmk64f120m/pin_mux.o
                0x00000000000070f4                configure_i2c_pins
 .text.configure_sdhc_pins
                0x000000000000716c      0x104 ./KSDK/boards/frdmk64f120m/pin_mux.o
                0x000000000000716c                configure_sdhc_pins
 .text.configure_spi_pins
                0x0000000000007270       0x74 ./KSDK/boards/frdmk64f120m/pin_mux.o
                0x0000000000007270                configure_spi_pins
 .text.configure_uart_pins
                0x00000000000072e4       0x50 ./KSDK/boards/frdmk64f120m/pin_mux.o
                0x00000000000072e4                configure_uart_pins
 .text.configure_ftm_pins
                0x0000000000007334       0x30 ./KSDK/boards/frdmk64f120m/pin_mux.o
                0x0000000000007334                configure_ftm_pins
 .text.init_data_bss
                0x0000000000007364       0xb8 ./BSP/KSDK/startup.o
                0x0000000000007364                init_data_bss
 .text.BSP_Ser_Init
                0x000000000000741c       0x70 ./BSP/bsp_ser.o
                0x000000000000741c                BSP_Ser_Init
 .text.BSP_Ser_ISR_Handler
                0x000000000000748c       0x1c ./BSP/bsp_ser.o
 .text.RxCallBackFnct
                0x00000000000074a8       0x18 ./BSP/bsp_ser.o
 .text.CPU_TS_TmrInit
                0x00000000000074c0       0x48 ./BSP/cpu_bsp.o
                0x00000000000074c0                CPU_TS_TmrInit
 .text.CPU_TS_TmrRd
                0x0000000000007508       0x20 ./BSP/cpu_bsp.o
                0x0000000000007508                CPU_TS_TmrRd
 .text.Controller_step
                0x0000000000007528       0x88 ./APP/Controller.o
                0x0000000000007528                Controller_step
 .text.Controller_initialize
                0x00000000000075b0       0x38 ./APP/Controller.o
                0x00000000000075b0                Controller_initialize
 .text.StepFunction
                0x00000000000075e8       0x84 ./APP/app.o
                0x00000000000075e8                StepFunction
 .text.main     0x000000000000766c       0x90 ./APP/app.o
                0x000000000000766c                main
 .text.AppStartupTask
                0x00000000000076fc       0x9c ./APP/app.o
 .text.setup_adc0
                0x0000000000007798       0x44 ./APP/app.o
 .text.__assert_func
                0x00000000000077dc       0x38 /Applications/KDS_v3.app/Contents/toolchain/bin/../lib/gcc/arm-none-eabi/4.8.4/../../../../arm-none-eabi/lib/armv7e-m/fpu/libg_s.a(lib_a-assert.o)
                0x00000000000077dc                __assert_func
 .text.exit     0x0000000000007814       0x28 /Applications/KDS_v3.app/Contents/toolchain/bin/../lib/gcc/arm-none-eabi/4.8.4/../../../../arm-none-eabi/lib/armv7e-m/fpu/libg_s.a(lib_a-exit.o)
                0x0000000000007814                exit
 .text.fprintf  0x000000000000783c       0x24 /Applications/KDS_v3.app/Contents/toolchain/bin/../lib/gcc/arm-none-eabi/4.8.4/../../../../arm-none-eabi/lib/armv7e-m/fpu/libg_s.a(lib_a-fprintf.o)
                0x000000000000783c                fprintf
                0x000000000000783c                fiprintf
 .text.__libc_init_array
                0x0000000000007860       0x4c /Applications/KDS_v3.app/Contents/toolchain/bin/../lib/gcc/arm-none-eabi/4.8.4/../../../../arm-none-eabi/lib/armv7e-m/fpu/libg_s.a(lib_a-init.o)
                0x0000000000007860                __libc_init_array
 .text.memset   0x00000000000078ac       0x10 /Applications/KDS_v3.app/Contents/toolchain/bin/../lib/gcc/arm-none-eabi/4.8.4/../../../../arm-none-eabi/lib/armv7e-m/fpu/libg_s.a(lib_a-memset.o)
                0x00000000000078ac                memset
 .text._free_r  0x00000000000078bc       0x88 /Applications/KDS_v3.app/Contents/toolchain/bin/../lib/gcc/arm-none-eabi/4.8.4/../../../../arm-none-eabi/lib/armv7e-m/fpu/libg_s.a(lib_a-nano-freer.o)
                0x00000000000078bc                _free_r
 .text._malloc_r
                0x0000000000007944       0xa8 /Applications/KDS_v3.app/Contents/toolchain/bin/../lib/gcc/arm-none-eabi/4.8.4/../../../../arm-none-eabi/lib/armv7e-m/fpu/libg_s.a(lib_a-nano-mallocr.o)
                0x0000000000007944                _malloc_r
 .text._sbrk_r  0x00000000000079ec       0x20 /Applications/KDS_v3.app/Contents/toolchain/bin/../lib/gcc/arm-none-eabi/4.8.4/../../../../arm-none-eabi/lib/armv7e-m/fpu/libg_s.a(lib_a-sbrkr.o)
                0x00000000000079ec                _sbrk_r
 .text.__sfputc_r
                0x0000000000007a0c       0x2c /Applications/KDS_v3.app/Contents/toolchain/bin/../lib/gcc/arm-none-eabi/4.8.4/../../../../arm-none-eabi/lib/armv7e-m/fpu/libg_s.a(lib_a-vfprintf.o)
 .text.__sfputs_r
                0x0000000000007a38       0x24 /Applications/KDS_v3.app/Contents/toolchain/bin/../lib/gcc/arm-none-eabi/4.8.4/../../../../arm-none-eabi/lib/armv7e-m/fpu/libg_s.a(lib_a-vfprintf.o)
                0x0000000000007a38                __sfputs_r
 .text._vfprintf_r
                0x0000000000007a5c      0x208 /Applications/KDS_v3.app/Contents/toolchain/bin/../lib/gcc/arm-none-eabi/4.8.4/../../../../arm-none-eabi/lib/armv7e-m/fpu/libg_s.a(lib_a-vfprintf.o)
                0x0000000000007a5c                _vfiprintf_r
                0x0000000000007a5c                _vfprintf_r
 .text._printf_common
                0x0000000000007c64       0xe4 /Applications/KDS_v3.app/Contents/toolchain/bin/../lib/gcc/arm-none-eabi/4.8.4/../../../../arm-none-eabi/lib/armv7e-m/fpu/libg_s.a(lib_a-vfprintf_i.o)
                0x0000000000007c64                _printf_common
 .text._printf_i
                0x0000000000007d48      0x228 /Applications/KDS_v3.app/Contents/toolchain/bin/../lib/gcc/arm-none-eabi/4.8.4/../../../../arm-none-eabi/lib/armv7e-m/fpu/libg_s.a(lib_a-vfprintf_i.o)
                0x0000000000007d48                _printf_i
 .text.__swbuf_r
                0x0000000000007f70       0xa8 /Applications/KDS_v3.app/Contents/toolchain/bin/../lib/gcc/arm-none-eabi/4.8.4/../../../../arm-none-eabi/lib/armv7e-m/fpu/libg_s.a(lib_a-wbuf.o)
                0x0000000000007f70                __swbuf_r
 .text.__swsetup_r
                0x0000000000008018       0xdc /Applications/KDS_v3.app/Contents/toolchain/bin/../lib/gcc/arm-none-eabi/4.8.4/../../../../arm-none-eabi/lib/armv7e-m/fpu/libg_s.a(lib_a-wsetup.o)
                0x0000000000008018                __swsetup_r
 .text.abort    0x00000000000080f4        0xe /Applications/KDS_v3.app/Contents/toolchain/bin/../lib/gcc/arm-none-eabi/4.8.4/../../../../arm-none-eabi/lib/armv7e-m/fpu/libg_s.a(lib_a-abort.o)
                0x00000000000080f4                abort
 .text.__sflush_r
                0x0000000000008102      0x106 /Applications/KDS_v3.app/Contents/toolchain/bin/../lib/gcc/arm-none-eabi/4.8.4/../../../../arm-none-eabi/lib/armv7e-m/fpu/libg_s.a(lib_a-fflush.o)
                0x0000000000008102                __sflush_r
 .text._fflush_r
                0x0000000000008208       0x54 /Applications/KDS_v3.app/Contents/toolchain/bin/../lib/gcc/arm-none-eabi/4.8.4/../../../../arm-none-eabi/lib/armv7e-m/fpu/libg_s.a(lib_a-fflush.o)
                0x0000000000008208                _fflush_r
 .text._cleanup_r
                0x000000000000825c       0x32 /Applications/KDS_v3.app/Contents/toolchain/bin/../lib/gcc/arm-none-eabi/4.8.4/../../../../arm-none-eabi/lib/armv7e-m/fpu/libg_s.a(lib_a-findfp.o)
                0x000000000000825c                _cleanup_r
 *fill*         0x000000000000828e        0x2 
 .text.std.isra.0
                0x0000000000008290       0x48 /Applications/KDS_v3.app/Contents/toolchain/bin/../lib/gcc/arm-none-eabi/4.8.4/../../../../arm-none-eabi/lib/armv7e-m/fpu/libg_s.a(lib_a-findfp.o)
 .text.__sfmoreglue
                0x00000000000082d8       0x2c /Applications/KDS_v3.app/Contents/toolchain/bin/../lib/gcc/arm-none-eabi/4.8.4/../../../../arm-none-eabi/lib/armv7e-m/fpu/libg_s.a(lib_a-findfp.o)
                0x00000000000082d8                __sfmoreglue
 .text.__sinit  0x0000000000008304       0x60 /Applications/KDS_v3.app/Contents/toolchain/bin/../lib/gcc/arm-none-eabi/4.8.4/../../../../arm-none-eabi/lib/armv7e-m/fpu/libg_s.a(lib_a-findfp.o)
                0x0000000000008304                __sinit
 .text.__sfp    0x0000000000008364       0x74 /Applications/KDS_v3.app/Contents/toolchain/bin/../lib/gcc/arm-none-eabi/4.8.4/../../../../arm-none-eabi/lib/armv7e-m/fpu/libg_s.a(lib_a-findfp.o)
                0x0000000000008364                __sfp
 .text.__smakebuf_r
                0x00000000000083d8       0x9c /Applications/KDS_v3.app/Contents/toolchain/bin/../lib/gcc/arm-none-eabi/4.8.4/../../../../arm-none-eabi/lib/armv7e-m/fpu/libg_s.a(lib_a-makebuf.o)
                0x00000000000083d8                __smakebuf_r
 .text.memchr   0x0000000000008474       0x1e /Applications/KDS_v3.app/Contents/toolchain/bin/../lib/gcc/arm-none-eabi/4.8.4/../../../../arm-none-eabi/lib/armv7e-m/fpu/libg_s.a(lib_a-memchr-stub.o)
                0x0000000000008474                memchr
 .text._raise_r
                0x0000000000008492       0x50 /Applications/KDS_v3.app/Contents/toolchain/bin/../lib/gcc/arm-none-eabi/4.8.4/../../../../arm-none-eabi/lib/armv7e-m/fpu/libg_s.a(lib_a-signal.o)
                0x0000000000008492                _raise_r
 *fill*         0x00000000000084e2        0x2 
 .text.raise    0x00000000000084e4       0x10 /Applications/KDS_v3.app/Contents/toolchain/bin/../lib/gcc/arm-none-eabi/4.8.4/../../../../arm-none-eabi/lib/armv7e-m/fpu/libg_s.a(lib_a-signal.o)
                0x00000000000084e4                raise
 .text._kill_r  0x00000000000084f4       0x24 /Applications/KDS_v3.app/Contents/toolchain/bin/../lib/gcc/arm-none-eabi/4.8.4/../../../../arm-none-eabi/lib/armv7e-m/fpu/libg_s.a(lib_a-signalr.o)
                0x00000000000084f4                _kill_r
 .text._getpid_r
                0x0000000000008518        0x4 /Applications/KDS_v3.app/Contents/toolchain/bin/../lib/gcc/arm-none-eabi/4.8.4/../../../../arm-none-eabi/lib/armv7e-m/fpu/libg_s.a(lib_a-signalr.o)
                0x0000000000008518                _getpid_r
 .text.__sread  0x000000000000851c       0x22 /Applications/KDS_v3.app/Contents/toolchain/bin/../lib/gcc/arm-none-eabi/4.8.4/../../../../arm-none-eabi/lib/armv7e-m/fpu/libg_s.a(lib_a-stdio.o)
                0x000000000000851c                __sread
 .text.__swrite
                0x000000000000853e       0x38 /Applications/KDS_v3.app/Contents/toolchain/bin/../lib/gcc/arm-none-eabi/4.8.4/../../../../arm-none-eabi/lib/armv7e-m/fpu/libg_s.a(lib_a-stdio.o)
                0x000000000000853e                __swrite
 .text.__sseek  0x0000000000008576       0x24 /Applications/KDS_v3.app/Contents/toolchain/bin/../lib/gcc/arm-none-eabi/4.8.4/../../../../arm-none-eabi/lib/armv7e-m/fpu/libg_s.a(lib_a-stdio.o)
                0x0000000000008576                __sseek
 .text.__sclose
                0x000000000000859a        0x8 /Applications/KDS_v3.app/Contents/toolchain/bin/../lib/gcc/arm-none-eabi/4.8.4/../../../../arm-none-eabi/lib/armv7e-m/fpu/libg_s.a(lib_a-stdio.o)
                0x000000000000859a                __sclose
 .text.strlen   0x00000000000085a2       0x10 /Applications/KDS_v3.app/Contents/toolchain/bin/../lib/gcc/arm-none-eabi/4.8.4/../../../../arm-none-eabi/lib/armv7e-m/fpu/libg_s.a(lib_a-strlen.o)
                0x00000000000085a2                strlen
 *fill*         0x00000000000085b2        0x2 
 .text._write_r
                0x00000000000085b4       0x24 /Applications/KDS_v3.app/Contents/toolchain/bin/../lib/gcc/arm-none-eabi/4.8.4/../../../../arm-none-eabi/lib/armv7e-m/fpu/libg_s.a(lib_a-writer.o)
                0x00000000000085b4                _write_r
 .text._close_r
                0x00000000000085d8       0x20 /Applications/KDS_v3.app/Contents/toolchain/bin/../lib/gcc/arm-none-eabi/4.8.4/../../../../arm-none-eabi/lib/armv7e-m/fpu/libg_s.a(lib_a-closer.o)
                0x00000000000085d8                _close_r
 .text._fstat_r
                0x00000000000085f8       0x24 /Applications/KDS_v3.app/Contents/toolchain/bin/../lib/gcc/arm-none-eabi/4.8.4/../../../../arm-none-eabi/lib/armv7e-m/fpu/libg_s.a(lib_a-fstatr.o)
                0x00000000000085f8                _fstat_r
 .text._isatty_r
                0x000000000000861c       0x20 /Applications/KDS_v3.app/Contents/toolchain/bin/../lib/gcc/arm-none-eabi/4.8.4/../../../../arm-none-eabi/lib/armv7e-m/fpu/libg_s.a(lib_a-isattyr.o)
                0x000000000000861c                _isatty_r
 .text._lseek_r
                0x000000000000863c       0x24 /Applications/KDS_v3.app/Contents/toolchain/bin/../lib/gcc/arm-none-eabi/4.8.4/../../../../arm-none-eabi/lib/armv7e-m/fpu/libg_s.a(lib_a-lseekr.o)
                0x000000000000863c                _lseek_r
 .text._read_r  0x0000000000008660       0x24 /Applications/KDS_v3.app/Contents/toolchain/bin/../lib/gcc/arm-none-eabi/4.8.4/../../../../arm-none-eabi/lib/armv7e-m/fpu/libg_s.a(lib_a-readr.o)
                0x0000000000008660                _read_r
 .text._close   0x0000000000008684       0x10 /Applications/KDS_v3.app/Contents/toolchain/bin/../lib/gcc/arm-none-eabi/4.8.4/../../../../arm-none-eabi/lib/armv7e-m/fpu/libnosys.a(close.o)
                0x0000000000008684                _close
 .text._fstat   0x0000000000008694       0x10 /Applications/KDS_v3.app/Contents/toolchain/bin/../lib/gcc/arm-none-eabi/4.8.4/../../../../arm-none-eabi/lib/armv7e-m/fpu/libnosys.a(fstat.o)
                0x0000000000008694                _fstat
 .text._getpid  0x00000000000086a4       0x10 /Applications/KDS_v3.app/Contents/toolchain/bin/../lib/gcc/arm-none-eabi/4.8.4/../../../../arm-none-eabi/lib/armv7e-m/fpu/libnosys.a(getpid.o)
                0x00000000000086a4                _getpid
 .text._isatty  0x00000000000086b4       0x10 /Applications/KDS_v3.app/Contents/toolchain/bin/../lib/gcc/arm-none-eabi/4.8.4/../../../../arm-none-eabi/lib/armv7e-m/fpu/libnosys.a(isatty.o)
                0x00000000000086b4                _isatty
 .text._kill    0x00000000000086c4       0x10 /Applications/KDS_v3.app/Contents/toolchain/bin/../lib/gcc/arm-none-eabi/4.8.4/../../../../arm-none-eabi/lib/armv7e-m/fpu/libnosys.a(kill.o)
                0x00000000000086c4                _kill
 .text._lseek   0x00000000000086d4       0x10 /Applications/KDS_v3.app/Contents/toolchain/bin/../lib/gcc/arm-none-eabi/4.8.4/../../../../arm-none-eabi/lib/armv7e-m/fpu/libnosys.a(lseek.o)
                0x00000000000086d4                _lseek
 .text._read    0x00000000000086e4       0x10 /Applications/KDS_v3.app/Contents/toolchain/bin/../lib/gcc/arm-none-eabi/4.8.4/../../../../arm-none-eabi/lib/armv7e-m/fpu/libnosys.a(read.o)
                0x00000000000086e4                _read
 .text._sbrk    0x00000000000086f4       0x34 /Applications/KDS_v3.app/Contents/toolchain/bin/../lib/gcc/arm-none-eabi/4.8.4/../../../../arm-none-eabi/lib/armv7e-m/fpu/libnosys.a(sbrk.o)
                0x00000000000086f4                _sbrk
 .text._write   0x0000000000008728       0x10 /Applications/KDS_v3.app/Contents/toolchain/bin/../lib/gcc/arm-none-eabi/4.8.4/../../../../arm-none-eabi/lib/armv7e-m/fpu/libnosys.a(write.o)
                0x0000000000008728                _write
 .text._exit    0x0000000000008738        0x4 /Applications/KDS_v3.app/Contents/toolchain/bin/../lib/gcc/arm-none-eabi/4.8.4/../../../../arm-none-eabi/lib/armv7e-m/fpu/libnosys.a(_exit.o)
                0x0000000000008738                _exit
 *(.rodata)
 .rodata        0x000000000000873c       0x2c ./uCOS-III/Source/os_core.o
 .rodata        0x0000000000008768        0xc ./uCOS-III/Source/os_mutex.o
 .rodata        0x0000000000008774        0xc ./uCOS-III/Source/os_sem.o
 .rodata        0x0000000000008780       0x14 ./uCOS-III/Source/os_stat.o
 .rodata        0x0000000000008794        0xc ./uCOS-III/Source/os_task.o
 .rodata        0x00000000000087a0       0x14 ./uCOS-III/Source/os_tick.o
 .rodata        0x00000000000087b4       0x30 ./uCOS-III/Source/os_tmr.o
 .rodata        0x00000000000087e4       0x40 ./uC-LIB/lib_mem.o
 .rodata        0x0000000000008824       0xec ./KSDK/platform/system/interrupt/src/fsl_interrupt_manager.o
 .rodata        0x0000000000008910       0x28 ./KSDK/platform/osa/src/fsl_os_abstraction_ucosiii.o
 .rodata        0x0000000000008938      0x160 ./KSDK/platform/hal/sim/fsl_sim_hal.o
 .rodata        0x0000000000008a98       0x8c ./KSDK/platform/hal/gpio/fsl_gpio_hal.o
 .rodata        0x0000000000008b24      0x1cc ./KSDK/platform/drivers/uart/src/fsl_uart_driver.o
 .rodata        0x0000000000008cf0      0x244 ./KSDK/platform/drivers/gpio/src/fsl_gpio_driver.o
 .rodata        0x0000000000008f34       0xac ./KSDK/boards/frdmk64f120m/pin_mux.o
 .rodata        0x0000000000008fe0       0x34 ./APP/app.o
 *(.rodata*)
 .rodata.OSCfg_IdleTaskStkBasePtr
                0x0000000000009014        0x4 ./uCOS-III/Source/os_cfg_app.o
                0x0000000000009014                OSCfg_IdleTaskStkBasePtr
 .rodata.OSCfg_IdleTaskStkLimit
                0x0000000000009018        0x4 ./uCOS-III/Source/os_cfg_app.o
                0x0000000000009018                OSCfg_IdleTaskStkLimit
 .rodata.OSCfg_IdleTaskStkSize
                0x000000000000901c        0x4 ./uCOS-III/Source/os_cfg_app.o
                0x000000000000901c                OSCfg_IdleTaskStkSize
 .rodata.OSCfg_ISRStkBasePtr
                0x0000000000009020        0x4 ./uCOS-III/Source/os_cfg_app.o
                0x0000000000009020                OSCfg_ISRStkBasePtr
 .rodata.OSCfg_ISRStkSize
                0x0000000000009024        0x4 ./uCOS-III/Source/os_cfg_app.o
                0x0000000000009024                OSCfg_ISRStkSize
 .rodata.OSCfg_MsgPoolSize
                0x0000000000009028        0x2 ./uCOS-III/Source/os_cfg_app.o
                0x0000000000009028                OSCfg_MsgPoolSize
 *fill*         0x000000000000902a        0x2 
 .rodata.OSCfg_MsgPoolBasePtr
                0x000000000000902c        0x4 ./uCOS-III/Source/os_cfg_app.o
                0x000000000000902c                OSCfg_MsgPoolBasePtr
 .rodata.OSCfg_StatTaskPrio
                0x0000000000009030        0x1 ./uCOS-III/Source/os_cfg_app.o
                0x0000000000009030                OSCfg_StatTaskPrio
 *fill*         0x0000000000009031        0x3 
 .rodata.OSCfg_StatTaskRate_Hz
                0x0000000000009034        0x4 ./uCOS-III/Source/os_cfg_app.o
                0x0000000000009034                OSCfg_StatTaskRate_Hz
 .rodata.OSCfg_StatTaskStkBasePtr
                0x0000000000009038        0x4 ./uCOS-III/Source/os_cfg_app.o
                0x0000000000009038                OSCfg_StatTaskStkBasePtr
 .rodata.OSCfg_StatTaskStkLimit
                0x000000000000903c        0x4 ./uCOS-III/Source/os_cfg_app.o
                0x000000000000903c                OSCfg_StatTaskStkLimit
 .rodata.OSCfg_StatTaskStkSize
                0x0000000000009040        0x4 ./uCOS-III/Source/os_cfg_app.o
                0x0000000000009040                OSCfg_StatTaskStkSize
 .rodata.OSCfg_StkSizeMin
                0x0000000000009044        0x4 ./uCOS-III/Source/os_cfg_app.o
                0x0000000000009044                OSCfg_StkSizeMin
 .rodata.OSCfg_TickRate_Hz
                0x0000000000009048        0x4 ./uCOS-III/Source/os_cfg_app.o
                0x0000000000009048                OSCfg_TickRate_Hz
 .rodata.OSCfg_TickTaskPrio
                0x000000000000904c        0x1 ./uCOS-III/Source/os_cfg_app.o
                0x000000000000904c                OSCfg_TickTaskPrio
 *fill*         0x000000000000904d        0x3 
 .rodata.OSCfg_TickTaskStkBasePtr
                0x0000000000009050        0x4 ./uCOS-III/Source/os_cfg_app.o
                0x0000000000009050                OSCfg_TickTaskStkBasePtr
 .rodata.OSCfg_TickTaskStkLimit
                0x0000000000009054        0x4 ./uCOS-III/Source/os_cfg_app.o
                0x0000000000009054                OSCfg_TickTaskStkLimit
 .rodata.OSCfg_TickTaskStkSize
                0x0000000000009058        0x4 ./uCOS-III/Source/os_cfg_app.o
                0x0000000000009058                OSCfg_TickTaskStkSize
 .rodata.OSCfg_TmrTaskPrio
                0x000000000000905c        0x1 ./uCOS-III/Source/os_cfg_app.o
                0x000000000000905c                OSCfg_TmrTaskPrio
 *fill*         0x000000000000905d        0x3 
 .rodata.OSCfg_TmrTaskRate_Hz
                0x0000000000009060        0x4 ./uCOS-III/Source/os_cfg_app.o
                0x0000000000009060                OSCfg_TmrTaskRate_Hz
 .rodata.OSCfg_TmrTaskStkBasePtr
                0x0000000000009064        0x4 ./uCOS-III/Source/os_cfg_app.o
                0x0000000000009064                OSCfg_TmrTaskStkBasePtr
 .rodata.OSCfg_TmrTaskStkLimit
                0x0000000000009068        0x4 ./uCOS-III/Source/os_cfg_app.o
                0x0000000000009068                OSCfg_TmrTaskStkLimit
 .rodata.OSCfg_TmrTaskStkSize
                0x000000000000906c        0x4 ./uCOS-III/Source/os_cfg_app.o
                0x000000000000906c                OSCfg_TmrTaskStkSize
 .rodata.OSDbg_DbgEn
                0x0000000000009070        0x1 ./uCOS-III/Source/os_dbg.o
                0x0000000000009070                OSDbg_DbgEn
 .rodata.OSDbg_ArgChkEn
                0x0000000000009071        0x1 ./uCOS-III/Source/os_dbg.o
                0x0000000000009071                OSDbg_ArgChkEn
 .rodata.OSDbg_AppHooksEn
                0x0000000000009072        0x1 ./uCOS-III/Source/os_dbg.o
                0x0000000000009072                OSDbg_AppHooksEn
 *fill*         0x0000000000009073        0x1 
 .rodata.OSDbg_EndiannessTest
                0x0000000000009074        0x4 ./uCOS-III/Source/os_dbg.o
                0x0000000000009074                OSDbg_EndiannessTest
 .rodata.OSDbg_CalledFromISRChkEn
                0x0000000000009078        0x1 ./uCOS-III/Source/os_dbg.o
                0x0000000000009078                OSDbg_CalledFromISRChkEn
 .rodata.OSDbg_FlagEn
                0x0000000000009079        0x1 ./uCOS-III/Source/os_dbg.o
                0x0000000000009079                OSDbg_FlagEn
 *fill*         0x000000000000907a        0x2 
 .rodata.OSDbg_FlagGrp
                0x000000000000907c       0x28 ./uCOS-III/Source/os_dbg.o
                0x000000000000907c                OSDbg_FlagGrp
 .rodata.OSDbg_FlagDelEn
                0x00000000000090a4        0x1 ./uCOS-III/Source/os_dbg.o
                0x00000000000090a4                OSDbg_FlagDelEn
 .rodata.OSDbg_FlagModeClrEn
                0x00000000000090a5        0x1 ./uCOS-III/Source/os_dbg.o
                0x00000000000090a5                OSDbg_FlagModeClrEn
 .rodata.OSDbg_FlagPendAbortEn
                0x00000000000090a6        0x1 ./uCOS-III/Source/os_dbg.o
                0x00000000000090a6                OSDbg_FlagPendAbortEn
 *fill*         0x00000000000090a7        0x1 
 .rodata.OSDbg_FlagGrpSize
                0x00000000000090a8        0x2 ./uCOS-III/Source/os_dbg.o
                0x00000000000090a8                OSDbg_FlagGrpSize
 .rodata.OSDbg_FlagWidth
                0x00000000000090aa        0x2 ./uCOS-III/Source/os_dbg.o
                0x00000000000090aa                OSDbg_FlagWidth
 .rodata.OSDbg_ISRPostDeferredEn
                0x00000000000090ac        0x1 ./uCOS-III/Source/os_dbg.o
                0x00000000000090ac                OSDbg_ISRPostDeferredEn
 *fill*         0x00000000000090ad        0x3 
 .rodata.OSDbg_Mem
                0x00000000000090b0       0x20 ./uCOS-III/Source/os_dbg.o
                0x00000000000090b0                OSDbg_Mem
 .rodata.OSDbg_MemEn
                0x00000000000090d0        0x1 ./uCOS-III/Source/os_dbg.o
                0x00000000000090d0                OSDbg_MemEn
 *fill*         0x00000000000090d1        0x1 
 .rodata.OSDbg_MemSize
                0x00000000000090d2        0x2 ./uCOS-III/Source/os_dbg.o
                0x00000000000090d2                OSDbg_MemSize
 .rodata.OSDbg_MsgEn
                0x00000000000090d4        0x1 ./uCOS-III/Source/os_dbg.o
                0x00000000000090d4                OSDbg_MsgEn
 *fill*         0x00000000000090d5        0x1 
 .rodata.OSDbg_MsgSize
                0x00000000000090d6        0x2 ./uCOS-III/Source/os_dbg.o
                0x00000000000090d6                OSDbg_MsgSize
 .rodata.OSDbg_MsgPoolSize
                0x00000000000090d8        0x2 ./uCOS-III/Source/os_dbg.o
                0x00000000000090d8                OSDbg_MsgPoolSize
 .rodata.OSDbg_MsgQSize
                0x00000000000090da        0x2 ./uCOS-III/Source/os_dbg.o
                0x00000000000090da                OSDbg_MsgQSize
 .rodata.OSDbg_Mutex
                0x00000000000090dc       0x30 ./uCOS-III/Source/os_dbg.o
                0x00000000000090dc                OSDbg_Mutex
 .rodata.OSDbg_MutexEn
                0x000000000000910c        0x1 ./uCOS-III/Source/os_dbg.o
                0x000000000000910c                OSDbg_MutexEn
 .rodata.OSDbg_MutexDelEn
                0x000000000000910d        0x1 ./uCOS-III/Source/os_dbg.o
                0x000000000000910d                OSDbg_MutexDelEn
 .rodata.OSDbg_MutexPendAbortEn
                0x000000000000910e        0x1 ./uCOS-III/Source/os_dbg.o
                0x000000000000910e                OSDbg_MutexPendAbortEn
 *fill*         0x000000000000910f        0x1 
 .rodata.OSDbg_MutexSize
                0x0000000000009110        0x2 ./uCOS-III/Source/os_dbg.o
                0x0000000000009110                OSDbg_MutexSize
 .rodata.OSDbg_ObjTypeChkEn
                0x0000000000009112        0x1 ./uCOS-III/Source/os_dbg.o
                0x0000000000009112                OSDbg_ObjTypeChkEn
 .rodata.OSDbg_PendMultiEn
                0x0000000000009113        0x1 ./uCOS-III/Source/os_dbg.o
                0x0000000000009113                OSDbg_PendMultiEn
 .rodata.OSDbg_PendDataSize
                0x0000000000009114        0x2 ./uCOS-III/Source/os_dbg.o
                0x0000000000009114                OSDbg_PendDataSize
 .rodata.OSDbg_PendListSize
                0x0000000000009116        0x2 ./uCOS-III/Source/os_dbg.o
                0x0000000000009116                OSDbg_PendListSize
 .rodata.OSDbg_PendObjSize
                0x0000000000009118        0x2 ./uCOS-III/Source/os_dbg.o
                0x0000000000009118                OSDbg_PendObjSize
 .rodata.OSDbg_PrioMax
                0x000000000000911a        0x2 ./uCOS-III/Source/os_dbg.o
                0x000000000000911a                OSDbg_PrioMax
 .rodata.OSDbg_PrioTblSize
                0x000000000000911c        0x2 ./uCOS-III/Source/os_dbg.o
                0x000000000000911c                OSDbg_PrioTblSize
 .rodata.OSDbg_PtrSize
                0x000000000000911e        0x2 ./uCOS-III/Source/os_dbg.o
                0x000000000000911e                OSDbg_PtrSize
 .rodata.OSDbg_Q
                0x0000000000009120       0x30 ./uCOS-III/Source/os_dbg.o
                0x0000000000009120                OSDbg_Q
 .rodata.OSDbg_QEn
                0x0000000000009150        0x1 ./uCOS-III/Source/os_dbg.o
                0x0000000000009150                OSDbg_QEn
 .rodata.OSDbg_QDelEn
                0x0000000000009151        0x1 ./uCOS-III/Source/os_dbg.o
                0x0000000000009151                OSDbg_QDelEn
 .rodata.OSDbg_QFlushEn
                0x0000000000009152        0x1 ./uCOS-III/Source/os_dbg.o
                0x0000000000009152                OSDbg_QFlushEn
 .rodata.OSDbg_QPendAbortEn
                0x0000000000009153        0x1 ./uCOS-III/Source/os_dbg.o
                0x0000000000009153                OSDbg_QPendAbortEn
 .rodata.OSDbg_QSize
                0x0000000000009154        0x2 ./uCOS-III/Source/os_dbg.o
                0x0000000000009154                OSDbg_QSize
 .rodata.OSDbg_SchedRoundRobinEn
                0x0000000000009156        0x1 ./uCOS-III/Source/os_dbg.o
                0x0000000000009156                OSDbg_SchedRoundRobinEn
 *fill*         0x0000000000009157        0x1 
 .rodata.OSDbg_Sem
                0x0000000000009158       0x28 ./uCOS-III/Source/os_dbg.o
                0x0000000000009158                OSDbg_Sem
 .rodata.OSDbg_SemEn
                0x0000000000009180        0x1 ./uCOS-III/Source/os_dbg.o
                0x0000000000009180                OSDbg_SemEn
 .rodata.OSDbg_SemDelEn
                0x0000000000009181        0x1 ./uCOS-III/Source/os_dbg.o
                0x0000000000009181                OSDbg_SemDelEn
 .rodata.OSDbg_SemPendAbortEn
                0x0000000000009182        0x1 ./uCOS-III/Source/os_dbg.o
                0x0000000000009182                OSDbg_SemPendAbortEn
 .rodata.OSDbg_SemSetEn
                0x0000000000009183        0x1 ./uCOS-III/Source/os_dbg.o
                0x0000000000009183                OSDbg_SemSetEn
 .rodata.OSDbg_SemSize
                0x0000000000009184        0x2 ./uCOS-III/Source/os_dbg.o
                0x0000000000009184                OSDbg_SemSize
 .rodata.OSDbg_RdyList
                0x0000000000009186        0x2 ./uCOS-III/Source/os_dbg.o
                0x0000000000009186                OSDbg_RdyList
 .rodata.OSDbg_RdyListSize
                0x0000000000009188        0x4 ./uCOS-III/Source/os_dbg.o
                0x0000000000009188                OSDbg_RdyListSize
 .rodata.OSDbg_StkWidth
                0x000000000000918c        0x1 ./uCOS-III/Source/os_dbg.o
                0x000000000000918c                OSDbg_StkWidth
 .rodata.OSDbg_StatTaskEn
                0x000000000000918d        0x1 ./uCOS-III/Source/os_dbg.o
                0x000000000000918d                OSDbg_StatTaskEn
 .rodata.OSDbg_StatTaskStkChkEn
                0x000000000000918e        0x1 ./uCOS-III/Source/os_dbg.o
                0x000000000000918e                OSDbg_StatTaskStkChkEn
 .rodata.OSDbg_TaskChangePrioEn
                0x000000000000918f        0x1 ./uCOS-III/Source/os_dbg.o
                0x000000000000918f                OSDbg_TaskChangePrioEn
 .rodata.OSDbg_TaskDelEn
                0x0000000000009190        0x1 ./uCOS-III/Source/os_dbg.o
                0x0000000000009190                OSDbg_TaskDelEn
 .rodata.OSDbg_TaskQEn
                0x0000000000009191        0x1 ./uCOS-III/Source/os_dbg.o
                0x0000000000009191                OSDbg_TaskQEn
 .rodata.OSDbg_TaskQPendAbortEn
                0x0000000000009192        0x1 ./uCOS-III/Source/os_dbg.o
                0x0000000000009192                OSDbg_TaskQPendAbortEn
 .rodata.OSDbg_TaskProfileEn
                0x0000000000009193        0x1 ./uCOS-III/Source/os_dbg.o
                0x0000000000009193                OSDbg_TaskProfileEn
 .rodata.OSDbg_TaskRegTblSize
                0x0000000000009194        0x2 ./uCOS-III/Source/os_dbg.o
                0x0000000000009194                OSDbg_TaskRegTblSize
 .rodata.OSDbg_TaskSemPendAbortEn
                0x0000000000009196        0x1 ./uCOS-III/Source/os_dbg.o
                0x0000000000009196                OSDbg_TaskSemPendAbortEn
 .rodata.OSDbg_TaskSuspendEn
                0x0000000000009197        0x1 ./uCOS-III/Source/os_dbg.o
                0x0000000000009197                OSDbg_TaskSuspendEn
 .rodata.OSDbg_TCBSize
                0x0000000000009198        0x2 ./uCOS-III/Source/os_dbg.o
                0x0000000000009198                OSDbg_TCBSize
 .rodata.OSDbg_TickListSize
                0x000000000000919a        0x2 ./uCOS-III/Source/os_dbg.o
                0x000000000000919a                OSDbg_TickListSize
 .rodata.OSDbg_TimeDlyHMSMEn
                0x000000000000919c        0x1 ./uCOS-III/Source/os_dbg.o
                0x000000000000919c                OSDbg_TimeDlyHMSMEn
 .rodata.OSDbg_TimeDlyResumeEn
                0x000000000000919d        0x1 ./uCOS-III/Source/os_dbg.o
                0x000000000000919d                OSDbg_TimeDlyResumeEn
 *fill*         0x000000000000919e        0x2 
 .rodata.OSDbg_Tmr
                0x00000000000091a0       0x30 ./uCOS-III/Source/os_dbg.o
                0x00000000000091a0                OSDbg_Tmr
 .rodata.OSDbg_TmrEn
                0x00000000000091d0        0x1 ./uCOS-III/Source/os_dbg.o
                0x00000000000091d0                OSDbg_TmrEn
 .rodata.OSDbg_TmrDelEn
                0x00000000000091d1        0x1 ./uCOS-III/Source/os_dbg.o
                0x00000000000091d1                OSDbg_TmrDelEn
 .rodata.OSDbg_TmrSize
                0x00000000000091d2        0x2 ./uCOS-III/Source/os_dbg.o
                0x00000000000091d2                OSDbg_TmrSize
 .rodata.OSDbg_VersionNbr
                0x00000000000091d4        0x2 ./uCOS-III/Source/os_dbg.o
                0x00000000000091d4                OSDbg_VersionNbr
 *fill*         0x00000000000091d6        0x2 
 .rodata.OSDbg_DataSize
                0x00000000000091d8        0x4 ./uCOS-III/Source/os_dbg.o
                0x00000000000091d8                OSDbg_DataSize
 .rodata.__func__.14565
                0x00000000000091dc       0x18 ./KSDK/platform/system/interrupt/src/fsl_interrupt_manager.o
 .rodata.g_simBaseAddr
                0x00000000000091f4        0x4 ./KSDK/platform/system/clock/fsl_clock_manager.o
                0x00000000000091f4                g_simBaseAddr
 .rodata.kClockNameConfigTable
                0x00000000000091f8       0x14 ./KSDK/platform/hal/sim/MK64F12/fsl_sim_hal_K64F12.o
                0x00000000000091f8                kClockNameConfigTable
 .rodata.__func__.15268
                0x000000000000920c       0x18 ./KSDK/platform/hal/sim/fsl_sim_hal.o
 .rodata.__func__.14597
                0x0000000000009224       0x14 ./KSDK/platform/hal/gpio/fsl_gpio_hal.o
 .rodata.__func__.14603
                0x0000000000009238       0x18 ./KSDK/platform/hal/gpio/fsl_gpio_hal.o
 .rodata.__func__.18111
                0x0000000000009250       0x10 ./KSDK/platform/drivers/uart/src/fsl_uart_driver.o
 .rodata.__func__.18097
                0x0000000000009260       0x14 ./KSDK/platform/drivers/uart/src/fsl_uart_driver.o
 .rodata.__func__.18131
                0x0000000000009274       0x1c ./KSDK/platform/drivers/uart/src/fsl_uart_driver.o
 .rodata.__func__.18137
                0x0000000000009290       0x1c ./KSDK/platform/drivers/uart/src/fsl_uart_driver.o
 .rodata.__func__.18155
                0x00000000000092ac       0x20 ./KSDK/platform/drivers/uart/src/fsl_uart_driver.o
 .rodata.g_uartBaseAddr
                0x00000000000092cc       0x18 ./KSDK/platform/drivers/uart/common/fsl_uart_common.o
                0x00000000000092cc                g_uartBaseAddr
 .rodata.__func__.14581
                0x00000000000092e4       0x14 ./KSDK/platform/drivers/gpio/src/fsl_gpio_driver.o
 .rodata.__func__.14575
                0x00000000000092f8       0x18 ./KSDK/platform/drivers/gpio/src/fsl_gpio_driver.o
 .rodata.__func__.14593
                0x0000000000009310       0x20 ./KSDK/platform/drivers/gpio/src/fsl_gpio_driver.o
 .rodata.__func__.14623
                0x0000000000009330       0x20 ./KSDK/platform/drivers/gpio/src/fsl_gpio_driver.o
 .rodata.__func__.14645
                0x0000000000009350       0x18 ./KSDK/platform/drivers/gpio/src/fsl_gpio_driver.o
 .rodata.__func__.16274
                0x0000000000009368       0x14 ./KSDK/platform/drivers/gpio/src/fsl_gpio_driver.o
 .rodata.__func__.14587
                0x000000000000937c       0x1c ./KSDK/platform/drivers/gpio/src/fsl_gpio_driver.o
 .rodata.__func__.14605
                0x0000000000009398       0x20 ./KSDK/platform/drivers/gpio/src/fsl_gpio_driver.o
 .rodata.__func__.14599
                0x00000000000093b8       0x1c ./KSDK/platform/drivers/gpio/src/fsl_gpio_driver.o
 .rodata.__func__.14709
                0x00000000000093d4       0x18 ./KSDK/platform/drivers/gpio/src/fsl_gpio_driver.o
 .rodata.__func__.14719
                0x00000000000093ec       0x1c ./KSDK/platform/drivers/gpio/src/fsl_gpio_driver.o
 .rodata.g_gpioBaseAddr
                0x0000000000009408       0x14 ./KSDK/platform/drivers/gpio/common/fsl_gpio_common.o
                0x0000000000009408                g_gpioBaseAddr
 .rodata.g_portBaseAddr
                0x000000000000941c       0x14 ./KSDK/platform/drivers/gpio/common/fsl_gpio_common.o
                0x000000000000941c                g_portBaseAddr
 .rodata.g_portIrqId
                0x0000000000009430        0x8 ./KSDK/platform/drivers/gpio/common/fsl_gpio_common.o
                0x0000000000009430                g_portIrqId
 .rodata.ledPins
                0x0000000000009438       0x3c ./KSDK/boards/frdmk64f120m/gpio_pins.o
                0x0000000000009438                ledPins
 .rodata.__func__.14611
                0x0000000000009474       0x14 ./KSDK/boards/frdmk64f120m/pin_mux.o
 .rodata.__func__.14599
                0x0000000000009488       0x1c ./KSDK/boards/frdmk64f120m/pin_mux.o
 .rodata.__func__.14575
                0x00000000000094a4       0x18 ./KSDK/boards/frdmk64f120m/pin_mux.o
 .rodata.__func__.14581
                0x00000000000094bc       0x14 ./KSDK/boards/frdmk64f120m/pin_mux.o
 .rodata.__func__.14593
                0x00000000000094d0       0x20 ./KSDK/boards/frdmk64f120m/pin_mux.o
 .rodata.__func__.14605
                0x00000000000094f0       0x20 ./KSDK/boards/frdmk64f120m/pin_mux.o
 .rodata.__func__.14587
                0x0000000000009510       0x1c ./KSDK/boards/frdmk64f120m/pin_mux.o
 .rodata.str1.1
                0x000000000000952c       0x3c /Applications/KDS_v3.app/Contents/toolchain/bin/../lib/gcc/arm-none-eabi/4.8.4/../../../../arm-none-eabi/lib/armv7e-m/fpu/libg_s.a(lib_a-assert.o)
                                         0x3d (size before relaxing)
 .rodata.str1.1
                0x0000000000009568        0x2 /Applications/KDS_v3.app/Contents/toolchain/bin/../lib/gcc/arm-none-eabi/4.8.4/../../../../arm-none-eabi/lib/armv7e-m/fpu/libg_s.a(lib_a-impure.o)
 *fill*         0x000000000000956a        0x2 
 .rodata._global_impure_ptr
                0x000000000000956c        0x4 /Applications/KDS_v3.app/Contents/toolchain/bin/../lib/gcc/arm-none-eabi/4.8.4/../../../../arm-none-eabi/lib/armv7e-m/fpu/libg_s.a(lib_a-impure.o)
                0x000000000000956c                _global_impure_ptr
 .rodata.str1.1
                0x0000000000009570       0x11 /Applications/KDS_v3.app/Contents/toolchain/bin/../lib/gcc/arm-none-eabi/4.8.4/../../../../arm-none-eabi/lib/armv7e-m/fpu/libg_s.a(lib_a-vfprintf.o)
 .rodata.str1.1
                0x0000000000009581       0x22 /Applications/KDS_v3.app/Contents/toolchain/bin/../lib/gcc/arm-none-eabi/4.8.4/../../../../arm-none-eabi/lib/armv7e-m/fpu/libg_s.a(lib_a-vfprintf_i.o)
 *fill*         0x00000000000095a3        0x1 
 .rodata.__sf_fake_stdin
                0x00000000000095a4       0x20 /Applications/KDS_v3.app/Contents/toolchain/bin/../lib/gcc/arm-none-eabi/4.8.4/../../../../arm-none-eabi/lib/armv7e-m/fpu/libg_s.a(lib_a-findfp.o)
                0x00000000000095a4                __sf_fake_stdin
 .rodata.__sf_fake_stdout
                0x00000000000095c4       0x20 /Applications/KDS_v3.app/Contents/toolchain/bin/../lib/gcc/arm-none-eabi/4.8.4/../../../../arm-none-eabi/lib/armv7e-m/fpu/libg_s.a(lib_a-findfp.o)
                0x00000000000095c4                __sf_fake_stdout
 .rodata.__sf_fake_stderr
                0x00000000000095e4       0x20 /Applications/KDS_v3.app/Contents/toolchain/bin/../lib/gcc/arm-none-eabi/4.8.4/../../../../arm-none-eabi/lib/armv7e-m/fpu/libg_s.a(lib_a-findfp.o)
                0x00000000000095e4                __sf_fake_stderr
 *(.glue_7)
 .glue_7        0x0000000000000000        0x0 linker stubs
 *(.glue_7t)
 .glue_7t       0x0000000000000000        0x0 linker stubs
 *(.eh_frame)
 .eh_frame      0x0000000000009604        0x0 /Applications/KDS_v3.app/Contents/toolchain/bin/../lib/gcc/arm-none-eabi/4.8.4/armv7e-m/fpu/crtbegin.o
 *(.init)
 .init          0x0000000000009604        0x4 /Applications/KDS_v3.app/Contents/toolchain/bin/../lib/gcc/arm-none-eabi/4.8.4/armv7e-m/fpu/crti.o
                0x0000000000009604                _init
 .init          0x0000000000009608        0x8 /Applications/KDS_v3.app/Contents/toolchain/bin/../lib/gcc/arm-none-eabi/4.8.4/armv7e-m/fpu/crtn.o
 *(.fini)
 .fini          0x0000000000009610        0x4 /Applications/KDS_v3.app/Contents/toolchain/bin/../lib/gcc/arm-none-eabi/4.8.4/armv7e-m/fpu/crti.o
                0x0000000000009610                _fini
 .fini          0x0000000000009614        0x8 /Applications/KDS_v3.app/Contents/toolchain/bin/../lib/gcc/arm-none-eabi/4.8.4/armv7e-m/fpu/crtn.o
                0x000000000000961c                . = ALIGN (0x4)

.vfp11_veneer   0x000000000000961c        0x0
 .vfp11_veneer  0x0000000000000000        0x0 linker stubs

.v4_bx          0x000000000000961c        0x0
 .v4_bx         0x0000000000000000        0x0 linker stubs

.iplt           0x000000000000961c        0x0
 .iplt          0x0000000000000000        0x0 /Applications/KDS_v3.app/Contents/toolchain/bin/../lib/gcc/arm-none-eabi/4.8.4/armv7e-m/fpu/crtbegin.o

.ARM.extab
 *(.ARM.extab* .gnu.linkonce.armextab.*)

.ARM            0x000000000000961c        0x8
                0x000000000000961c                __exidx_start = .
 *(.ARM.exidx*)
 .ARM.exidx     0x000000000000961c        0x8 /Applications/KDS_v3.app/Contents/toolchain/bin/../lib/gcc/arm-none-eabi/4.8.4/../../../../arm-none-eabi/lib/armv7e-m/fpu/crt0.o
                0x0000000000009624                __exidx_end = .

.rel.dyn        0x0000000000009624        0x0
 .rel.iplt      0x0000000000000000        0x0 /Applications/KDS_v3.app/Contents/toolchain/bin/../lib/gcc/arm-none-eabi/4.8.4/armv7e-m/fpu/crtbegin.o

.ctors          0x0000000000009624        0x0
                0x0000000000009624                __CTOR_LIST__ = .
 *crtbegin.o(.ctors)
 *crtbegin?.o(.ctors)
 *(EXCLUDE_FILE(*crtend.o *crtend?.o) .ctors)
 *(SORT(.ctors.*))
 *(.ctors)
                0x0000000000009624                __CTOR_END__ = .

.dtors          0x0000000000009624        0x0
                0x0000000000009624                __DTOR_LIST__ = .
 *crtbegin.o(.dtors)
 *crtbegin?.o(.dtors)
 *(EXCLUDE_FILE(*crtend.o *crtend?.o) .dtors)
 *(SORT(.dtors.*))
 *(.dtors)
                0x0000000000009624                __DTOR_END__ = .

.preinit_array  0x0000000000009624        0x0
                0x0000000000009624                PROVIDE (__preinit_array_start, .)
 *(.preinit_array*)
                0x0000000000009624                PROVIDE (__preinit_array_end, .)

.init_array     0x0000000000009624        0x4
                0x0000000000009624                PROVIDE (__init_array_start, .)
 *(SORT(.init_array.*))
 *(.init_array*)
 .init_array    0x0000000000009624        0x4 /Applications/KDS_v3.app/Contents/toolchain/bin/../lib/gcc/arm-none-eabi/4.8.4/armv7e-m/fpu/crtbegin.o
                0x0000000000009628                PROVIDE (__init_array_end, .)

.fini_array     0x0000000000009628        0x4
                0x0000000000009628                PROVIDE (__fini_array_start, .)
 *(SORT(.fini_array.*))
 *(.fini_array*)
 .fini_array    0x0000000000009628        0x4 /Applications/KDS_v3.app/Contents/toolchain/bin/../lib/gcc/arm-none-eabi/4.8.4/armv7e-m/fpu/crtbegin.o
                0x000000000000962c                PROVIDE (__fini_array_end, .)
                0x000000000000962c                __etext = .
                0x000000000000962c                __DATA_ROM = .

.data           0x0000000020000000       0xd8 load address 0x000000000000962c
                0x0000000020000000                . = ALIGN (0x4)
                0x0000000020000000                __DATA_RAM = .
                0x0000000020000000                __data_start__ = .
 *(.data)
 *(.data*)
 .data.SystemCoreClock
                0x0000000020000000        0x4 ./KSDK/platform/startup/MK64F12/system_MK64F12.o
                0x0000000020000000                SystemCoreClock
 .data.g_uartRxTxIrqId
                0x0000000020000004        0x8 ./KSDK/platform/drivers/uart/common/fsl_uart_common.o
                0x0000000020000004                g_uartRxTxIrqId
 .data.switchPins
                0x000000002000000c       0x30 ./KSDK/boards/frdmk64f120m/gpio_pins.o
                0x000000002000000c                switchPins
 *fill*         0x000000002000003c        0x4 
 .data.inputs   0x0000000020000040       0x30 ./APP/app.o
 .data.impure_data
                0x0000000020000070       0x60 /Applications/KDS_v3.app/Contents/toolchain/bin/../lib/gcc/arm-none-eabi/4.8.4/../../../../arm-none-eabi/lib/armv7e-m/fpu/libg_s.a(lib_a-impure.o)
 .data._impure_ptr
                0x00000000200000d0        0x4 /Applications/KDS_v3.app/Contents/toolchain/bin/../lib/gcc/arm-none-eabi/4.8.4/../../../../arm-none-eabi/lib/armv7e-m/fpu/libg_s.a(lib_a-impure.o)
                0x00000000200000d0                _impure_ptr
 *(.jcr*)
 .jcr           0x00000000200000d4        0x0 /Applications/KDS_v3.app/Contents/toolchain/bin/../lib/gcc/arm-none-eabi/4.8.4/armv7e-m/fpu/crtbegin.o
 .jcr           0x00000000200000d4        0x4 /Applications/KDS_v3.app/Contents/toolchain/bin/../lib/gcc/arm-none-eabi/4.8.4/armv7e-m/fpu/crtend.o
                0x00000000200000d8                . = ALIGN (0x4)
                0x00000000200000d8                __data_end__ = .
                0x0000000000009704                __DATA_END = (__DATA_ROM + (__data_end__ - __data_start__))
                0x0000000000009704                __m_interrupts_ram_ROMStart = (__DATA_ROM + SIZEOF (.data))

.igot.plt       0x00000000200000d8        0x0 load address 0x0000000000009704
 .igot.plt      0x0000000000000000        0x0 /Applications/KDS_v3.app/Contents/toolchain/bin/../lib/gcc/arm-none-eabi/4.8.4/armv7e-m/fpu/crtbegin.o

.m_interrupts_ram
                0x000000001fff0000        0x0 load address 0x0000000000009704